=~=~=~=~=~=~=~=~=~=~=~= PuTTY log 2025.06.19 00:19:30 =~=~=~=~=~=~=~=~=~=~=~=
[INFO] *********************Starting SensorFusion Node Zybo Z7********************* 
[INFO] Created Hardware Abstraction layer components 
[INFO] Created Business Logic layer components 
[INFO] SystemTasksManager::createPoolTasks started 
[DEBUG] Create task:  image3dCapturerTask 
[INFO] SystemTasksManager::createPoolTasks done 
[DEBUG] Created Application layer components 
[INFO] Starting image3dCapturerTask 
[DEBUG] 3D image captured in  45345879296  ns 
[INFO] 60,120,0
[INFO] 58,120,80
[INFO] 56,120,77
[INFO] 54,120,77
[INFO] 52,120,75
[INFO] 50,120,89
[INFO] 48,120,0
[INFO] 46,120,74
[INFO] 44,120,80
[INFO] 42,120,75
[INFO] 40,120,77
[INFO] 38,120,77
[INFO] 36,120,75
[INFO] 34,120,75
[INFO] 32,120,75
[INFO] 30,120,75
[INFO] 28,120,75
[INFO] 26,120,68
[INFO] 24,120,41
[INFO] 22,120,59
[INFO] 20,120,55
[INFO] 18,120,53
[INFO] 16,120,55
[INFO] 14,120,56
[INFO] 12,120,51
[INFO] 10,120,53
[INFO] 8,120,58
[INFO] 6,120,66
[INFO] 4,120,58
[INFO] 2,120,53
[INFO] 0,120,44
[INFO] 0,126,52
[INFO] 2,126,52
[INFO] 4,126,51
[INFO] 6,126,46
[INFO] 8,126,49
[INFO] 10,126,56
[INFO] 12,126,51
[INFO] 14,126,55
[INFO] 16,126,56
[INFO] 18,126,56
[INFO] 20,126,54
[INFO] 22,126,54
[INFO] 24,126,51
[INFO] 26,126,51
[INFO] 28,126,50
[INFO] 30,126,50
[INFO] 32,126,41
[INFO] 34,126,77
[INFO] 36,126,77
[INFO] 38,126,79
[INFO] 40,126,77
[INFO] 42,126,77
[INFO] 44,126,76
[INFO] 46,126,78
[INFO] 48,126,75
[INFO] 50,126,76
[INFO] 52,126,70
[INFO] 54,126,76
[INFO] 56,126,0
[INFO] 58,126,71
[INFO] 60,126,76
[INFO] 60,132,0
[INFO] 58,132,0
[INFO] 56,132,0
[INFO] 54,132,0
[INFO] 52,132,0
[INFO] 50,132,0
[INFO] 48,132,0
[INFO] 46,132,78
[INFO] 44,132,80
[INFO] 42,132,74
[INFO] 40,132,74
[INFO] 38,132,74
[INFO] 36,132,74
[INFO] 34,132,74
[INFO] 32,132,76
[INFO] 30,132,76
[INFO] 28,132,76
[INFO] 26,132,36
[INFO] 24,132,42
[INFO] 22,132,41
[INFO] 20,132,40
[INFO] 18,132,0
[INFO] 16,132,0
[INFO] 14,132,54
[INFO] 12,132,44
[INFO] 10,132,50
[INFO] 8,132,41
[INFO] 6,132,48
[INFO] 4,132,42
[INFO] 2,132,49
[INFO] 0,132,51
[INFO] 0,138,51
[INFO] 2,138,52
[INFO] 4,138,48
[INFO] 6,138,49
[INFO] 8,138,46
[INFO] 10,138,48
[INFO] 12,138,48
[INFO] 14,138,43
[INFO] 16,138,45
[INFO] 18,138,48
[INFO] 20,138,43
[INFO] 22,138,43
[INFO] 24,138,43
[INFO] 26,138,43
[INFO] 28,138,42
[INFO] 30,138,38
[INFO] 32,138,42
[INFO] 34,138,49
[INFO] 36,138,56
[INFO] 38,138,62
[INFO] 40,138,70
[INFO] 42,138,72
[INFO] 44,138,71
[INFO] 46,138,72
[INFO] 48,138,71
[INFO] 50,138,73
[INFO] 52,138,0
[INFO] 54,138,0
[INFO] 56,138,0
[INFO] 58,138,0
[INFO] 60,138,0
[INFO] 60,144,0
[INFO] 58,144,0
[INFO] 56,144,0
[INFO] 54,144,0
[INFO] 52,144,0
[INFO] 50,144,0
[INFO] 48,144,0
[INFO] 46,144,55
[INFO] 44,144,58
[INFO] 42,144,58
[INFO] 40,144,63
[INFO] 38,144,59
[INFO] 36,144,62
[INFO] 34,144,59
[INFO] 32,144,59
[INFO] 30,144,52
[INFO] 28,144,39
[INFO] 26,144,35
[INFO] 24,144,37
[INFO] 22,144,42
[INFO] 20,144,37
[INFO] 18,144,35
[INFO] 16,144,40
[INFO] 14,144,36
[INFO] 12,144,39
[INFO] 10,144,39
[INFO] 8,144,45
[INFO] 6,144,43
[INFO] 4,144,41
[INFO] 2,144,41
[INFO] 0,144,50
[INFO] 0,150,39
[INFO] 2,150,44
[INFO] 4,150,42
[INFO] 6,150,41
[INFO] 8,150,37
[INFO] 10,150,41
[INFO] 12,150,39
[INFO] 14,150,40
[INFO] 16,150,37
[INFO] 18,150,42
[INFO] 20,150,36
[INFO] 22,150,37
[INFO] 24,150,32
[INFO] 26,150,37
[INFO] 28,150,39
[INFO] 30,150,34
[INFO] 32,150,36
[INFO] 34,150,37
[INFO] 36,150,46
[INFO] 38,150,49
[INFO] 40,150,59
[INFO] 42,150,52
[INFO] 44,150,60
[INFO] 46,150,55
[INFO] 48,150,61
[INFO] 50,150,56
[INFO] 52,150,56
[INFO] 54,150,0
[INFO] 56,150,0
[INFO] 58,150,0
[INFO] 60,150,0
[INFO] 60,156,25
[INFO] 58,156,27
[INFO] 56,156,26
[INFO] 54,156,0
[INFO] 52,156,0
[INFO] 50,156,0
[INFO] 48,156,0
[INFO] 46,156,0
[INFO] 44,156,45
[INFO] 42,156,46
[INFO] 40,156,46
[INFO] 38,156,56
[INFO] 36,156,65
[INFO] 34,156,56
[INFO] 32,156,46
[INFO] 30,156,50
[INFO] 28,156,44
[INFO] 26,156,37
[INFO] 24,156,39
[INFO] 22,156,34
[INFO] 20,156,40
[INFO] 18,156,30
[INFO] 16,156,36
[INFO] 14,156,36
[INFO] 12,156,48
[INFO] 10,156,31
[INFO] 8,156,36
[INFO] 6,156,39
[INFO] 4,156,36
[INFO] 2,156,35
[INFO] 0,156,41
[INFO] 0,162,44
[INFO] 2,162,50
[INFO] 4,162,44
[INFO] 6,162,44
[INFO] 8,162,0
[INFO] 10,162,35
[INFO] 12,162,38
[INFO] 14,162,26
[INFO] 16,162,31
[INFO] 18,162,38
[INFO] 20,162,35
[INFO] 22,162,34
[INFO] 24,162,30
[INFO] 26,162,39
[INFO] 28,162,31
[INFO] 30,162,45
[INFO] 32,162,0
[INFO] 34,162,39
[INFO] 36,162,45
[INFO] 38,162,24
[INFO] 40,162,31
[INFO] 42,162,35
[INFO] 44,162,27
[INFO] 46,162,34
[INFO] 48,162,38
[INFO] 50,162,22
[INFO] 52,162,31
[INFO] 54,162,36
[INFO] 56,162,38
[INFO] 58,162,42
[INFO] 60,162,26
[INFO] 60,168,0
[INFO] 58,168,0
[INFO] 56,168,0
[INFO] 54,168,0
[INFO] 52,168,0
[INFO] 50,168,0
[INFO] 48,168,0
[INFO] 46,168,44
[INFO] 44,168,55
[INFO] 42,168,46
[INFO] 40,168,54
[INFO] 38,168,55
[INFO] 36,168,0
[INFO] 34,168,0
[INFO] 32,168,54
[INFO] 30,168,35
[INFO] 28,168,42
[INFO] 26,168,34
[INFO] 24,168,0
[INFO] 22,168,27
[INFO] 20,168,43
[INFO] 18,168,27
[INFO] 16,168,25
[INFO] 14,168,0
[INFO] 12,168,0
[INFO] 10,168,0
[INFO] 8,168,0
[INFO] 6,168,0
[INFO] 4,168,0
[INFO] 2,168,0
[INFO] 0,168,0
[INFO] 0,174,0
[INFO] 2,174,32
[INFO] 4,174,38
[INFO] 6,174,40
[INFO] 8,174,0
[INFO] 10,174,31
[INFO] 12,174,24
[INFO] 14,174,35
[INFO] 16,174,25
[INFO] 18,174,0
[INFO] 20,174,24
[INFO] 22,174,24
[INFO] 24,174,24
[INFO] 26,174,0
[INFO] 28,174,0
[INFO] 30,174,0
[INFO] 32,174,0
[INFO] 34,174,41
[INFO] 36,174,26
[INFO] 38,174,38
[INFO] 40,174,32
[INFO] 42,174,37
[INFO] 44,174,0
[INFO] 46,174,0
[INFO] 48,174,0
[INFO] 50,174,0
[INFO] 52,174,27
[INFO] 54,174,42
[INFO] 56,174,14
[INFO] 58,174,19
[INFO] 60,174,0
[INFO] 60,180,20
[INFO] 58,180,17
[INFO] 56,180,0
[INFO] 54,180,0
[INFO] 52,180,24
[INFO] 50,180,21
[INFO] 48,180,19
[INFO] 46,180,38
[INFO] 44,180,144
[INFO] 42,180,45
[INFO] 40,180,46
[INFO] 38,180,34
[INFO] 36,180,44
[INFO] 34,180,0
[INFO] 32,180,38
[INFO] 30,180,34
[INFO] 28,180,25
[INFO] 26,180,27
[INFO] 24,180,30
[INFO] 22,180,27
[INFO] 20,180,20
[INFO] 18,180,35
[INFO] 16,180,0
[INFO] 14,180,20
[INFO] 12,180,26
[INFO] 10,180,31
[INFO] 8,180,20
[INFO] 6,180,0
[INFO] 4,180,24
[INFO] 2,180,35
[INFO] 0,180,24
[INFO] 0,186,0
[INFO] 2,186,0
[INFO] 4,186,0
[INFO] 6,186,0
[INFO] 8,186,27
[INFO] 10,186,26
[INFO] 12,186,26
[INFO] 14,186,0
[INFO] 16,186,25
[INFO] 18,186,25
[INFO] 20,186,22
[INFO] 22,186,14
[INFO] 24,186,22
[INFO] 26,186,31
[INFO] 28,186,26
[INFO] 30,186,31
[INFO] 32,186,0
[INFO] 34,186,21
[INFO] 36,186,35
[INFO] 38,186,32
[INFO] 40,186,39
[INFO] 42,186,0
[INFO] 44,186,41
[INFO] 46,186,50
[INFO] 48,186,44
[INFO] 50,186,40
[INFO] 52,186,48
[INFO] 54,186,27
[INFO] 56,186,27
[INFO] 58,186,10
[INFO] 60,186,0
[DEBUG] SystemTasks::image3dCapturerTask executed in:  42230  ms 
[DEBUG] 3D image captured in  51358678016  ns 
[INFO] 60,120,0
[INFO] 58,120,76
[INFO] 56,120,73
[INFO] 54,120,72
[INFO] 52,120,0
[INFO] 50,120,0
[INFO] 48,120,0
[INFO] 46,120,72
[INFO] 44,120,80
[INFO] 42,120,74
[INFO] 40,120,72
[INFO] 38,120,72
[INFO] 36,120,72
[INFO] 34,120,72
[INFO] 32,120,72
[INFO] 30,120,72
[INFO] 28,120,73
[INFO] 26,120,37
[INFO] 24,120,37
[INFO] 22,120,50
[INFO] 20,120,50
[INFO] 18,120,46
[INFO] 16,120,51
[INFO] 14,120,51
[INFO] 12,120,55
[INFO] 10,120,53
[INFO] 8,120,53
[INFO] 6,120,53
[INFO] 4,120,52
[INFO] 2,120,48
[INFO] 0,120,51
[INFO] 0,126,44
[INFO] 2,126,44
[INFO] 4,126,45
[INFO] 6,126,41
[INFO] 8,126,34
[INFO] 10,126,48
[INFO] 12,126,50
[INFO] 14,126,45
[INFO] 16,126,50
[INFO] 18,126,50
[INFO] 20,126,46
[INFO] 22,126,49
[INFO] 24,126,44
[INFO] 26,126,44
[INFO] 28,126,43
[INFO] 30,126,43
[INFO] 32,126,36
[INFO] 34,126,58
[INFO] 36,126,74
[INFO] 38,126,71
[INFO] 40,126,71
[INFO] 42,126,70
[INFO] 44,126,72
[INFO] 46,126,72
[INFO] 48,126,72
[INFO] 50,126,72
[INFO] 52,126,72
[INFO] 54,126,0
[INFO] 56,126,0
[INFO] 58,126,0
[INFO] 60,126,0
[INFO] 60,132,0
[INFO] 58,132,0
[INFO] 56,132,0
[INFO] 54,132,0
[INFO] 52,132,0
[INFO] 50,132,0
[INFO] 48,132,0
[INFO] 46,132,68
[INFO] 44,132,72
[INFO] 42,132,70
[INFO] 40,132,70
[INFO] 38,132,72
[INFO] 36,132,72
[INFO] 34,132,72
[INFO] 32,132,70
[INFO] 30,132,70
[INFO] 28,132,70
[INFO] 26,132,38
[INFO] 24,132,36
[INFO] 22,132,34
[INFO] 20,132,37
[INFO] 18,132,39
[INFO] 16,132,39
[INFO] 14,132,43
[INFO] 12,132,38
[INFO] 10,132,42
[INFO] 8,132,39
[INFO] 6,132,40
[INFO] 4,132,42
[INFO] 2,132,45
[INFO] 0,132,46
[INFO] 0,138,41
[INFO] 2,138,44
[INFO] 4,138,43
[INFO] 6,138,44
[INFO] 8,138,44
[INFO] 10,138,45
[INFO] 12,138,43
[INFO] 14,138,44
[INFO] 16,138,40
[INFO] 18,138,43
[INFO] 20,138,50
[INFO] 22,138,46
[INFO] 24,138,40
[INFO] 26,138,39
[INFO] 28,138,36
[INFO] 30,138,35
[INFO] 32,138,35
[INFO] 34,138,39
[INFO] 36,138,40
[INFO] 38,138,56
[INFO] 40,138,65
[INFO] 42,138,63
[INFO] 44,138,69
[INFO] 46,138,66
[INFO] 48,138,65
[INFO] 50,138,69
[INFO] 52,138,61
[INFO] 54,138,0
[INFO] 56,138,0
[INFO] 58,138,0
[INFO] 60,138,0
[INFO] 60,144,0
[INFO] 58,144,0
[INFO] 56,144,0
[INFO] 54,144,0
[INFO] 52,144,0
[INFO] 50,144,0
[INFO] 48,144,26
[INFO] 46,144,59
[INFO] 44,144,59
[INFO] 42,144,54
[INFO] 40,144,54
[INFO] 38,144,63
[INFO] 36,144,56
[INFO] 34,144,58
[INFO] 32,144,52
[INFO] 30,144,43
[INFO] 28,144,42
[INFO] 26,144,38
[INFO] 24,144,25
[INFO] 22,144,32
[INFO] 20,144,31
[INFO] 18,144,39
[INFO] 16,144,32
[INFO] 14,144,37
[INFO] 12,144,44
[INFO] 10,144,32
[INFO] 8,144,32
[INFO] 6,144,35
[INFO] 4,144,35
[INFO] 2,144,37
[INFO] 0,144,32
[INFO] 0,150,37
[INFO] 2,150,32
[INFO] 4,150,36
[INFO] 6,150,27
[INFO] 8,150,32
[INFO] 10,150,35
[INFO] 12,150,30
[INFO] 14,150,22
[INFO] 16,150,39
[INFO] 18,150,22
[INFO] 20,150,35
[INFO] 22,150,36
[INFO] 24,150,30
[INFO] 26,150,32
[INFO] 28,150,27
[INFO] 30,150,30
[INFO] 32,150,25
[INFO] 34,150,30
[INFO] 36,150,31
[INFO] 38,150,37
[INFO] 40,150,56
[INFO] 42,150,49
[INFO] 44,150,61
[INFO] 46,150,52
[INFO] 48,150,51
[INFO] 50,150,43
[INFO] 52,150,50
[INFO] 54,150,35
[INFO] 56,150,0
[INFO] 58,150,0
[INFO] 60,150,0
[INFO] 60,156,0
[INFO] 58,156,0
[INFO] 56,156,0
[INFO] 54,156,0
[INFO] 52,156,0
[INFO] 50,156,0
[INFO] 48,156,0
[INFO] 46,156,45
[INFO] 44,156,51
[INFO] 42,156,60
[INFO] 40,156,52
[INFO] 38,156,60
[INFO] 36,156,54
[INFO] 34,156,51
[INFO] 32,156,45
[INFO] 30,156,41
[INFO] 28,156,37
[INFO] 26,156,39
[INFO] 24,156,27
[INFO] 22,156,22
[INFO] 20,156,35
[INFO] 18,156,35
[INFO] 16,156,27
[INFO] 14,156,35
[INFO] 12,156,36
[INFO] 10,156,32
[INFO] 8,156,30
[INFO] 6,156,38
[INFO] 4,156,30
[INFO] 2,156,34
[INFO] 0,156,34
[INFO] 0,162,40
[INFO] 2,162,31
[INFO] 4,162,41
[INFO] 6,162,37
[INFO] 8,162,35
[INFO] 10,162,36
[INFO] 12,162,31
[INFO] 14,162,30
[INFO] 16,162,40
[INFO] 18,162,26
[INFO] 20,162,39
[INFO] 22,162,31
[INFO] 24,162,44
[INFO] 26,162,31
[INFO] 28,162,30
[INFO] 30,162,0
[INFO] 32,162,26
[INFO] 34,162,0
[INFO] 36,162,37
[INFO] 38,162,26
[INFO] 40,162,44
[INFO] 42,162,45
[INFO] 44,162,58
[INFO] 46,162,55
[INFO] 48,162,53
[INFO] 50,162,44
[INFO] 52,162,51
[INFO] 54,162,49
[INFO] 56,162,0
[INFO] 58,162,0
[INFO] 60,162,0
[INFO] 60,168,0
[INFO] 58,168,0
[INFO] 56,168,0
[INFO] 54,168,0
[INFO] 52,168,0
[INFO] 50,168,6
[INFO] 48,168,10
[INFO] 46,168,14
[INFO] 44,168,0
[INFO] 42,168,50
[INFO] 40,168,42
[INFO] 38,168,41
[INFO] 36,168,48
[INFO] 34,168,0
[INFO] 32,168,0
[INFO] 30,168,0
[INFO] 28,168,0
[INFO] 26,168,0
[INFO] 24,168,21
[INFO] 22,168,22
[INFO] 20,168,25
[INFO] 18,168,22
[INFO] 16,168,0
[INFO] 14,168,16
[INFO] 12,168,20
[INFO] 10,168,22
[INFO] 8,168,25
[INFO] 6,168,0
[INFO] 4,168,0
[INFO] 2,168,0
[INFO] 0,168,0
[INFO] 0,174,30
[INFO] 2,174,26
[INFO] 4,174,31
[INFO] 6,174,22
[INFO] 8,174,34
[INFO] 10,174,34
[INFO] 12,174,30
[INFO] 14,174,16
[INFO] 16,174,17
[INFO] 18,174,0
[INFO] 20,174,31
[INFO] 22,174,20
[INFO] 24,174,27
[INFO] 26,174,14
[INFO] 28,174,0
[INFO] 30,174,0
[INFO] 32,174,0
[INFO] 34,174,0
[INFO] 36,174,30
[INFO] 38,174,15
[INFO] 40,174,39
[INFO] 42,174,43
[INFO] 44,174,0
[INFO] 46,174,36
[INFO] 48,174,39
[INFO] 50,174,35
[INFO] 52,174,0
[INFO] 54,174,0
[INFO] 56,174,0
[INFO] 58,174,0
[INFO] 60,174,43
[INFO] 60,180,16
[INFO] 58,180,15
[INFO] 56,180,0
[INFO] 54,180,0
[INFO] 52,180,21
[INFO] 50,180,4
[INFO] 48,180,19
[INFO] 46,180,0
[INFO] 44,180,43
[INFO] 42,180,45
[INFO] 40,180,32
[INFO] 38,180,40
[INFO] 36,180,37
[INFO] 34,180,39
[INFO] 32,180,49
[INFO] 30,180,27
[INFO] 28,180,0
[INFO] 26,180,26
[INFO] 24,180,17
[INFO] 22,180,17
[INFO] 20,180,11
[INFO] 18,180,10
[INFO] 16,180,12
[INFO] 14,180,21
[INFO] 12,180,12
[INFO] 10,180,0
[INFO] 8,180,0
[INFO] 6,180,0
[INFO] 4,180,0
[INFO] 2,180,22
[INFO] 0,180,22
[INFO] 0,186,32
[INFO] 2,186,0
[INFO] 4,186,0
[INFO] 6,186,0
[INFO] 8,186,22
[INFO] 10,186,22
[INFO] 12,186,22
[INFO] 14,186,21
[INFO] 16,186,20
[INFO] 18,186,35
[INFO] 20,186,19
[INFO] 22,186,25
[INFO] 24,186,22
[INFO] 26,186,15
[INFO] 28,186,15
[INFO] 30,186,26
[INFO] 32,186,26
[INFO] 34,186,0
[INFO] 36,186,20
[INFO] 38,186,30
[INFO] 40,186,26
[INFO] 42,186,48
[INFO] 44,186,0
[INFO] 46,186,38
[INFO] 48,186,42
[INFO] 50,186,34
[INFO] 52,186,40
[INFO] 54,186,0
[INFO] 56,186,20
[INFO] 58,186,0
[INFO] 60,186,17
[DEBUG] SystemTasks::image3dCapturerTask executed in:  42230  ms 
[DEBUG] 3D image captured in  42092282880  ns 
[INFO] 60,120,0
[INFO] 58,120,74
[INFO] 56,120,70
[INFO] 54,120,71
[INFO] 52,120,70
[INFO] 50,120,69
[INFO] 48,120,70
[INFO] 46,120,69
[INFO] 44,120,69
[INFO] 42,120,69
[INFO] 40,120,71
[INFO] 38,120,69
[INFO] 36,120,71
[INFO] 34,120,70
[INFO] 32,120,70
[INFO] 30,120,70
[INFO] 28,120,70
[INFO] 26,120,32
[INFO] 24,120,38
[INFO] 22,120,45
[INFO] 20,120,38
[INFO] 18,120,39
[INFO] 16,120,38
[INFO] 14,120,45
[INFO] 12,120,0
[INFO] 10,120,0
[INFO] 8,120,0
[INFO] 6,120,0
[INFO] 4,120,39
[INFO] 2,120,38
[INFO] 0,120,40
[INFO] 0,126,41
[INFO] 2,126,43
[INFO] 4,126,41
[INFO] 6,126,42
[INFO] 8,126,43
[INFO] 10,126,42
[INFO] 12,126,43
[INFO] 14,126,0
[INFO] 16,126,0
[INFO] 18,126,0
[INFO] 20,126,0
[INFO] 22,126,35
[INFO] 24,126,36
[INFO] 26,126,35
[INFO] 28,126,40
[INFO] 30,126,39
[INFO] 32,126,34
[INFO] 34,126,32
[INFO] 36,126,69
[INFO] 38,126,71
[INFO] 40,126,69
[INFO] 42,126,69
[INFO] 44,126,69
[INFO] 46,126,69
[INFO] 48,126,69
[INFO] 50,126,69
[INFO] 52,126,69
[INFO] 54,126,69
[INFO] 56,126,69
[INFO] 58,126,69
[INFO] 60,126,71
[INFO] 60,132,71
[INFO] 58,132,71
[INFO] 56,132,71
[INFO] 54,132,71
[INFO] 52,132,69
[INFO] 50,132,71
[INFO] 48,132,69
[INFO] 46,132,69
[INFO] 44,132,71
[INFO] 42,132,69
[INFO] 40,132,69
[INFO] 38,132,69
[INFO] 36,132,71
[INFO] 34,132,69
[INFO] 32,132,71
[INFO] 30,132,69
[INFO] 28,132,50
[INFO] 26,132,27
[INFO] 24,132,37
[INFO] 22,132,27
[INFO] 20,132,34
[INFO] 18,132,36
[INFO] 16,132,27
[INFO] 14,132,0
[INFO] 12,132,0
[INFO] 10,132,0
[INFO] 8,132,0
[INFO] 6,132,40
[INFO] 4,132,40
[INFO] 2,132,44
[INFO] 0,132,43
[INFO] 0,138,40
[INFO] 2,138,37
[INFO] 4,138,39
[INFO] 6,138,38
[INFO] 8,138,40
[INFO] 10,138,43
[INFO] 12,138,0
[INFO] 14,138,0
[INFO] 16,138,0
[INFO] 18,138,0
[INFO] 20,138,0
[INFO] 22,138,0
[INFO] 24,138,26
[INFO] 26,138,30
[INFO] 28,138,34
[INFO] 30,138,34
[INFO] 32,138,34
[INFO] 34,138,34
[INFO] 36,138,40
[INFO] 38,138,59
[INFO] 40,138,63
[INFO] 42,138,59
[INFO] 44,138,66
[INFO] 46,138,61
[INFO] 48,138,61
[INFO] 50,138,61
[INFO] 52,138,72
[INFO] 54,138,62
[INFO] 56,138,62
[INFO] 58,138,62
[INFO] 60,138,72
[INFO] 60,144,51
[INFO] 58,144,57
[INFO] 56,144,55
[INFO] 54,144,53
[INFO] 52,144,56
[INFO] 50,144,57
[INFO] 48,144,45
[INFO] 46,144,66
[INFO] 44,144,53
[INFO] 42,144,53
[INFO] 40,144,55
[INFO] 38,144,53
[INFO] 36,144,54
[INFO] 34,144,61
[INFO] 32,144,51
[INFO] 30,144,43
[INFO] 28,144,31
[INFO] 26,144,26
[INFO] 24,144,31
[INFO] 22,144,27
[INFO] 20,144,27
[INFO] 18,144,30
[INFO] 16,144,0
[INFO] 14,144,0
[INFO] 12,144,0
[INFO] 10,144,0
[INFO] 8,144,0
[INFO] 6,144,36
[INFO] 4,144,0
[INFO] 2,144,35
[INFO] 0,144,36
[INFO] 0,150,42
[INFO] 2,150,34
[INFO] 4,150,40
[INFO] 6,150,34
[INFO] 8,150,37
[INFO] 10,150,31
[INFO] 12,150,0
[INFO] 14,150,0
[INFO] 16,150,19
[INFO] 18,150,21
[INFO] 20,150,35
[INFO] 22,150,10
[INFO] 24,150,14
[INFO] 26,150,12
[INFO] 28,150,21
[INFO] 30,150,35
[INFO] 32,150,26
[INFO] 34,150,35
[INFO] 36,150,30
[INFO] 38,150,49
[INFO] 40,150,49
[INFO] 42,150,49
[INFO] 44,150,58
[INFO] 46,150,51
[INFO] 48,150,48
[INFO] 50,150,43
[INFO] 52,150,51
[INFO] 54,150,49
[INFO] 56,150,50
[INFO] 58,150,53
[INFO] 60,150,55
[INFO] 60,156,55
[INFO] 58,156,43
[INFO] 56,156,48
[INFO] 54,156,54
[INFO] 52,156,55
[INFO] 50,156,51
[INFO] 48,156,46
[INFO] 46,156,61
[INFO] 44,156,0
[INFO] 42,156,51
[INFO] 40,156,50
[INFO] 38,156,53
[INFO] 36,156,53
[INFO] 34,156,45
[INFO] 32,156,43
[INFO] 30,156,0
[INFO] 28,156,31
[INFO] 26,156,41
[INFO] 24,156,27
[INFO] 22,156,22
[INFO] 20,156,6
[INFO] 18,156,15
[INFO] 16,156,0
[INFO] 14,156,0
[INFO] 12,156,0
[INFO] 10,156,0
[INFO] 8,156,0
[INFO] 6,156,0
[INFO] 4,156,19
[INFO] 2,156,40
[INFO] 0,156,31
[INFO] 0,162,43
[INFO] 2,162,43
[INFO] 4,162,38
[INFO] 6,162,40
[INFO] 8,162,38
[INFO] 10,162,0
[INFO] 12,162,22
[INFO] 14,162,0
[INFO] 16,162,0
[INFO] 18,162,0
[INFO] 20,162,0
[INFO] 22,162,0
[INFO] 24,162,0
[INFO] 26,162,0
[INFO] 28,162,0
[INFO] 30,162,0
[INFO] 32,162,25
[INFO] 34,162,21
[INFO] 36,162,30
[INFO] 38,162,34
[INFO] 40,162,44
[INFO] 42,162,59
[INFO] 44,162,0
[INFO] 46,162,44
[INFO] 48,162,46
[INFO] 50,162,46
[INFO] 52,162,42
[INFO] 54,162,51
[INFO] 56,162,44
[INFO] 58,162,43
[INFO] 60,162,48
[INFO] 60,168,36
[INFO] 58,168,42
[INFO] 56,168,40
[INFO] 54,168,35
[INFO] 52,168,0
[INFO] 50,168,0
[INFO] 48,168,38
[INFO] 46,168,44
[INFO] 44,168,43
[INFO] 42,168,35
[INFO] 40,168,0
[INFO] 38,168,0
[INFO] 36,168,0
[INFO] 34,168,0
[INFO] 32,168,37
[INFO] 30,168,32
[INFO] 28,168,26
[INFO] 26,168,30
[INFO] 24,168,0
[INFO] 22,168,0
[INFO] 20,168,0
[INFO] 18,168,0
[INFO] 16,168,14
[INFO] 14,168,0
[INFO] 12,168,0
[INFO] 10,168,25
[INFO] 8,168,0
[INFO] 6,168,20
[INFO] 4,168,30
[INFO] 2,168,20
[INFO] 0,168,25
[INFO] 0,174,35
[INFO] 2,174,22
[INFO] 4,174,0
[INFO] 6,174,0
[INFO] 8,174,15
[INFO] 10,174,17
[INFO] 12,174,19
[INFO] 14,174,0
[INFO] 16,174,16
[INFO] 18,174,17
[INFO] 20,174,19
[INFO] 22,174,5
[INFO] 24,174,0
[INFO] 26,174,16
[INFO] 28,174,0
[INFO] 30,174,21
[INFO] 32,174,17
[INFO] 34,174,12
[INFO] 36,174,20
[INFO] 38,174,22
[INFO] 40,174,42
[INFO] 42,174,0
[INFO] 44,174,42
[INFO] 46,174,39
[INFO] 48,174,39
[INFO] 50,174,45
[INFO] 52,174,50
[INFO] 54,174,37
[INFO] 56,174,39
[INFO] 58,174,42
[INFO] 60,174,0
[INFO] 60,180,32
[INFO] 58,180,37
[INFO] 56,180,34
[INFO] 54,180,0
[INFO] 52,180,37
[INFO] 50,180,45
[INFO] 48,180,32
[INFO] 46,180,30
[INFO] 44,180,0
[INFO] 42,180,38
[INFO] 40,180,50
[INFO] 38,180,37
[INFO] 36,180,36
[INFO] 34,180,36
[INFO] 32,180,48
[INFO] 30,180,40
[INFO] 28,180,40
[INFO] 26,180,12
[INFO] 24,180,20
[INFO] 22,180,19
[INFO] 20,180,0
[INFO] 18,180,9
[INFO] 16,180,21
[INFO] 14,180,22
[INFO] 12,180,16
[INFO] 10,180,0
[INFO] 8,180,19
[INFO] 6,180,15
[INFO] 4,180,10
[INFO] 2,180,21
[INFO] 0,180,22
[INFO] 0,186,34
[INFO] 2,186,30
[INFO] 4,186,0
[INFO] 6,186,0
[INFO] 8,186,22
[INFO] 10,186,30
[INFO] 12,186,20
[INFO] 14,186,19
[INFO] 16,186,0
[INFO] 18,186,11
[INFO] 20,186,12
[INFO] 22,186,10
[INFO] 24,186,0
[INFO] 26,186,14
[INFO] 28,186,4
[INFO] 30,186,9
[INFO] 32,186,20
[INFO] 34,186,0
[INFO] 36,186,20
[INFO] 38,186,34
[INFO] 40,186,34
[INFO] 42,186,43
[INFO] 44,186,39
[INFO] 46,186,43
[INFO] 48,186,37
[INFO] 50,186,36
[INFO] 52,186,40
[INFO] 54,186,39
[INFO] 56,186,42
[INFO] 58,186,40
[INFO] 60,186,0
[DEBUG] SystemTasks::image3dCapturerTask executed in:  42230  ms 
[DEBUG] 3D image captured in  41879788416  ns 
[INFO] 60,120,0
[INFO] 58,120,74
[INFO] 56,120,70
[INFO] 54,120,72
[INFO] 52,120,72
[INFO] 50,120,72
[INFO] 48,120,71
[INFO] 46,120,72
[INFO] 44,120,73
[INFO] 42,120,72
[INFO] 40,120,88
[INFO] 38,120,73
[INFO] 36,120,73
[INFO] 34,120,75
[INFO] 32,120,76
[INFO] 30,120,74
[INFO] 28,120,72
[INFO] 26,120,0
[INFO] 24,120,42
[INFO] 22,120,42
[INFO] 20,120,40
[INFO] 18,120,41
[INFO] 16,120,44
[INFO] 14,120,46
[INFO] 12,120,43
[INFO] 10,120,45
[INFO] 8,120,39
[INFO] 6,120,37
[INFO] 4,120,40
[INFO] 2,120,39
[INFO] 0,120,34
[INFO] 0,126,43
[INFO] 2,126,40
[INFO] 4,126,40
[INFO] 6,126,38
[INFO] 8,126,38
[INFO] 10,126,30
[INFO] 12,126,40
[INFO] 14,126,38
[INFO] 16,126,41
[INFO] 18,126,44
[INFO] 20,126,42
[INFO] 22,126,41
[INFO] 24,126,43
[INFO] 26,126,39
[INFO] 28,126,41
[INFO] 30,126,40
[INFO] 32,126,32
[INFO] 34,126,46
[INFO] 36,126,69
[INFO] 38,126,69
[INFO] 40,126,69
[INFO] 42,126,69
[INFO] 44,126,69
[INFO] 46,126,69
[INFO] 48,126,69
[INFO] 50,126,69
[INFO] 52,126,69
[INFO] 54,126,69
[INFO] 56,126,69
[INFO] 58,126,69
[INFO] 60,126,69
[INFO] 60,132,71
[INFO] 58,132,71
[INFO] 56,132,71
[INFO] 54,132,71
[INFO] 52,132,71
[INFO] 50,132,69
[INFO] 48,132,69
[INFO] 46,132,69
[INFO] 44,132,71
[INFO] 42,132,71
[INFO] 40,132,71
[INFO] 38,132,71
[INFO] 36,132,71
[INFO] 34,132,71
[INFO] 32,132,71
[INFO] 30,132,71
[INFO] 28,132,39
[INFO] 26,132,35
[INFO] 24,132,30
[INFO] 22,132,32
[INFO] 20,132,40
[INFO] 18,132,39
[INFO] 16,132,31
[INFO] 14,132,35
[INFO] 12,132,39
[INFO] 10,132,38
[INFO] 8,132,36
[INFO] 6,132,38
[INFO] 4,132,39
[INFO] 2,132,44
[INFO] 0,132,41
[INFO] 0,138,40
[INFO] 2,138,42
[INFO] 4,138,43
[INFO] 6,138,41
[INFO] 8,138,37
[INFO] 10,138,38
[INFO] 12,138,39
[INFO] 14,138,37
[INFO] 16,138,37
[INFO] 18,138,42
[INFO] 20,138,45
[INFO] 22,138,46
[INFO] 24,138,41
[INFO] 26,138,38
[INFO] 28,138,31
[INFO] 30,138,31
[INFO] 32,138,36
[INFO] 34,138,35
[INFO] 36,138,39
[INFO] 38,138,56
[INFO] 40,138,65
[INFO] 42,138,66
[INFO] 44,138,61
[INFO] 46,138,68
[INFO] 48,138,66
[INFO] 50,138,69
[INFO] 52,138,67
[INFO] 54,138,63
[INFO] 56,138,59
[INFO] 58,138,68
[INFO] 60,138,65
[INFO] 60,144,51
[INFO] 58,144,51
[INFO] 56,144,55
[INFO] 54,144,61
[INFO] 52,144,55
[INFO] 50,144,60
[INFO] 48,144,53
[INFO] 46,144,65
[INFO] 44,144,56
[INFO] 42,144,57
[INFO] 40,144,58
[INFO] 38,144,60
[INFO] 36,144,59
[INFO] 34,144,55
[INFO] 32,144,60
[INFO] 30,144,34
[INFO] 28,144,35
[INFO] 26,144,30
[INFO] 24,144,37
[INFO] 22,144,31
[INFO] 20,144,31
[INFO] 18,144,34
[INFO] 16,144,31
[INFO] 14,144,27
[INFO] 12,144,34
[INFO] 10,144,38
[INFO] 8,144,41
[INFO] 6,144,37
[INFO] 4,144,34
[INFO] 2,144,39
[INFO] 0,144,34
[INFO] 0,150,38
[INFO] 2,150,34
[INFO] 4,150,40
[INFO] 6,150,31
[INFO] 8,150,34
[INFO] 10,150,25
[INFO] 12,150,31
[INFO] 14,150,39
[INFO] 16,150,31
[INFO] 18,150,31
[INFO] 20,150,24
[INFO] 22,150,34
[INFO] 24,150,25
[INFO] 26,150,43
[INFO] 28,150,30
[INFO] 30,150,26
[INFO] 32,150,19
[INFO] 34,150,35
[INFO] 36,150,34
[INFO] 38,150,43
[INFO] 40,150,50
[INFO] 42,150,53
[INFO] 44,150,57
[INFO] 46,150,56
[INFO] 48,150,54
[INFO] 50,150,57
[INFO] 52,150,45
[INFO] 54,150,55
[INFO] 56,150,56
[INFO] 58,150,55
[INFO] 60,150,55
[INFO] 60,156,42
[INFO] 58,156,48
[INFO] 56,156,45
[INFO] 54,156,44
[INFO] 52,156,46
[INFO] 50,156,51
[INFO] 48,156,51
[INFO] 46,156,0
[INFO] 44,156,54
[INFO] 42,156,49
[INFO] 40,156,53
[INFO] 38,156,56
[INFO] 36,156,45
[INFO] 34,156,59
[INFO] 32,156,39
[INFO] 30,156,27
[INFO] 28,156,24
[INFO] 26,156,14
[INFO] 24,156,24
[INFO] 22,156,21
[INFO] 20,156,34
[INFO] 18,156,20
[INFO] 16,156,31
[INFO] 14,156,16
[INFO] 12,156,26
[INFO] 10,156,31
[INFO] 8,156,36
[INFO] 6,156,27
[INFO] 4,156,34
[INFO] 2,156,31
[INFO] 0,156,35
[INFO] 0,162,41
[INFO] 2,162,40
[INFO] 4,162,31
[INFO] 6,162,43
[INFO] 8,162,38
[INFO] 10,162,36
[INFO] 12,162,34
[INFO] 14,162,38
[INFO] 16,162,35
[INFO] 18,162,31
[INFO] 20,162,19
[INFO] 22,162,24
[INFO] 24,162,27
[INFO] 26,162,34
[INFO] 28,162,27
[INFO] 30,162,40
[INFO] 32,162,35
[INFO] 34,162,40
[INFO] 36,162,27
[INFO] 38,162,34
[INFO] 40,162,54
[INFO] 42,162,53
[INFO] 44,162,45
[INFO] 46,162,48
[INFO] 48,162,44
[INFO] 50,162,45
[INFO] 52,162,56
[INFO] 54,162,56
[INFO] 56,162,58
[INFO] 58,162,42
[INFO] 60,162,44
[INFO] 60,168,0
[INFO] 58,168,0
[INFO] 56,168,0
[INFO] 54,168,0
[INFO] 52,168,39
[INFO] 50,168,34
[INFO] 48,168,41
[INFO] 46,168,41
[INFO] 44,168,0
[INFO] 42,168,0
[INFO] 40,168,0
[INFO] 38,168,0
[INFO] 36,168,0
[INFO] 34,168,0
[INFO] 32,168,0
[INFO] 30,168,0
[INFO] 28,168,0
[INFO] 26,168,0
[INFO] 24,168,0
[INFO] 22,168,0
[INFO] 20,168,0
[INFO] 18,168,0
[INFO] 16,168,0
[INFO] 14,168,34
[INFO] 12,168,40
[INFO] 10,168,37
[INFO] 8,168,43
[INFO] 6,168,0
[INFO] 4,168,0
[INFO] 2,168,0
[INFO] 0,168,0
[INFO] 0,174,0
[INFO] 2,174,0
[INFO] 4,174,0
[INFO] 6,174,40
[INFO] 8,174,20
[INFO] 10,174,26
[INFO] 12,174,21
[INFO] 14,174,22
[INFO] 16,174,11
[INFO] 18,174,20
[INFO] 20,174,30
[INFO] 22,174,15
[INFO] 24,174,0
[INFO] 26,174,31
[INFO] 28,174,14
[INFO] 30,174,14
[INFO] 32,174,20
[INFO] 34,174,0
[INFO] 36,174,25
[INFO] 38,174,26
[INFO] 40,174,37
[INFO] 42,174,40
[INFO] 44,174,40
[INFO] 46,174,53
[INFO] 48,174,35
[INFO] 50,174,34
[INFO] 52,174,40
[INFO] 54,174,24
[INFO] 56,174,36
[INFO] 58,174,35
[INFO] 60,174,0
[INFO] 60,180,42
[INFO] 58,180,27
[INFO] 56,180,40
[INFO] 54,180,0
[INFO] 52,180,36
[INFO] 50,180,42
[INFO] 48,180,39
[INFO] 46,180,45
[INFO] 44,180,0
[INFO] 42,180,43
[INFO] 40,180,32
[INFO] 38,180,41
[INFO] 36,180,0
[INFO] 34,180,37
[INFO] 32,180,32
[INFO] 30,180,26
[INFO] 28,180,32
[INFO] 26,180,0
[INFO] 24,180,26
[INFO] 22,180,17
[INFO] 20,180,26
[INFO] 18,180,21
[INFO] 16,180,0
[INFO] 14,180,25
[INFO] 12,180,25
[INFO] 10,180,12
[INFO] 8,180,17
[INFO] 6,180,0
[INFO] 4,180,26
[INFO] 2,180,27
[INFO] 0,180,26
[INFO] 0,186,0
[INFO] 2,186,0
[INFO] 4,186,0
[INFO] 6,186,0
[INFO] 8,186,0
[INFO] 10,186,17
[INFO] 12,186,24
[INFO] 14,186,21
[INFO] 16,186,34
[INFO] 18,186,21
[INFO] 20,186,14
[INFO] 22,186,21
[INFO] 24,186,21
[INFO] 26,186,0
[INFO] 28,186,19
[INFO] 30,186,22
[INFO] 32,186,19
[INFO] 34,186,22
[INFO] 36,186,0
[INFO] 38,186,30
[INFO] 40,186,25
[INFO] 42,186,36
[INFO] 44,186,38
[INFO] 46,186,0
[INFO] 48,186,0
[INFO] 50,186,0
[INFO] 52,186,0
[INFO] 54,186,32
[INFO] 56,186,30
[INFO] 58,186,41
[INFO] 60,186,0
[DEBUG] SystemTasks::image3dCapturerTask executed in:  42030  ms 
[DEBUG] 3D image captured in  41789792640  ns 
[INFO] 60,120,71
[INFO] 58,120,74
[INFO] 56,120,71
[INFO] 54,120,71
[INFO] 52,120,71
[INFO] 50,120,84
[INFO] 48,120,72
[INFO] 46,120,70
[INFO] 44,120,69
[INFO] 42,120,82
[INFO] 40,120,72
[INFO] 38,120,71
[INFO] 36,120,71
[INFO] 34,120,71
[INFO] 32,120,73
[INFO] 30,120,72
[INFO] 28,120,72
[INFO] 26,120,36
[INFO] 24,120,44
[INFO] 22,120,48
[INFO] 20,120,42
[INFO] 18,120,45
[INFO] 16,120,49
[INFO] 14,120,49
[INFO] 12,120,50
[INFO] 10,120,45
[INFO] 8,120,48
[INFO] 6,120,40
[INFO] 4,120,46
[INFO] 2,120,40
[INFO] 0,120,40
[INFO] 0,126,42
[INFO] 2,126,43
[INFO] 4,126,43
[INFO] 6,126,37
[INFO] 8,126,39
[INFO] 10,126,38
[INFO] 12,126,45
[INFO] 14,126,50
[INFO] 16,126,40
[INFO] 18,126,40
[INFO] 20,126,45
[INFO] 22,126,39
[INFO] 24,126,40
[INFO] 26,126,40
[INFO] 28,126,40
[INFO] 30,126,45
[INFO] 32,126,35
[INFO] 34,126,30
[INFO] 36,126,69
[INFO] 38,126,71
[INFO] 40,126,69
[INFO] 42,126,69
[INFO] 44,126,71
[INFO] 46,126,69
[INFO] 48,126,69
[INFO] 50,126,69
[INFO] 52,126,69
[INFO] 54,126,69
[INFO] 56,126,69
[INFO] 58,126,71
[INFO] 60,126,71
[INFO] 60,132,71
[INFO] 58,132,69
[INFO] 56,132,71
[INFO] 54,132,69
[INFO] 52,132,71
[INFO] 50,132,71
[INFO] 48,132,69
[INFO] 46,132,71
[INFO] 44,132,69
[INFO] 42,132,71
[INFO] 40,132,69
[INFO] 38,132,71
[INFO] 36,132,71
[INFO] 34,132,69
[INFO] 32,132,71
[INFO] 30,132,69
[INFO] 28,132,36
[INFO] 26,132,36
[INFO] 24,132,34
[INFO] 22,132,41
[INFO] 20,132,35
[INFO] 18,132,39
[INFO] 16,132,41
[INFO] 14,132,36
[INFO] 12,132,39
[INFO] 10,132,40
[INFO] 8,132,41
[INFO] 6,132,42
[INFO] 4,132,44
[INFO] 2,132,42
[INFO] 0,132,40
[INFO] 0,138,44
[INFO] 2,138,37
[INFO] 4,138,44
[INFO] 6,138,39
[INFO] 8,138,40
[INFO] 10,138,41
[INFO] 12,138,38
[INFO] 14,138,40
[INFO] 16,138,35
[INFO] 18,138,38
[INFO] 20,138,38
[INFO] 22,138,46
[INFO] 24,138,36
[INFO] 26,138,37
[INFO] 28,138,30
[INFO] 30,138,30
[INFO] 32,138,32
[INFO] 34,138,34
[INFO] 36,138,35
[INFO] 38,138,61
[INFO] 40,138,66
[INFO] 42,138,63
[INFO] 44,138,66
[INFO] 46,138,67
[INFO] 48,138,65
[INFO] 50,138,65
[INFO] 52,138,63
[INFO] 54,138,62
[INFO] 56,138,65
[INFO] 58,138,68
[INFO] 60,138,63
[INFO] 60,144,44
[INFO] 58,144,54
[INFO] 56,144,49
[INFO] 54,144,56
[INFO] 52,144,55
[INFO] 50,144,51
[INFO] 48,144,50
[INFO] 46,144,50
[INFO] 44,144,50
[INFO] 42,144,44
[INFO] 40,144,55
[INFO] 38,144,53
[INFO] 36,144,51
[INFO] 34,144,48
[INFO] 32,144,40
[INFO] 30,144,39
[INFO] 28,144,34
[INFO] 26,144,24
[INFO] 24,144,30
[INFO] 22,144,31
[INFO] 20,144,35
[INFO] 18,144,25
[INFO] 16,144,31
[INFO] 14,144,34
[INFO] 12,144,26
[INFO] 10,144,25
[INFO] 8,144,37
[INFO] 6,144,35
[INFO] 4,144,27
[INFO] 2,144,38
[INFO] 0,144,37
[INFO] 0,150,41
[INFO] 2,150,39
[INFO] 4,150,38
[INFO] 6,150,34
[INFO] 8,150,34
[INFO] 10,150,30
[INFO] 12,150,25
[INFO] 14,150,31
[INFO] 16,150,34
[INFO] 18,150,22
[INFO] 20,150,31
[INFO] 22,150,31
[INFO] 24,150,16
[INFO] 26,150,27
[INFO] 28,150,31
[INFO] 30,150,39
[INFO] 32,150,24
[INFO] 34,150,35
[INFO] 36,150,20
[INFO] 38,150,51
[INFO] 40,150,46
[INFO] 42,150,56
[INFO] 44,150,54
[INFO] 46,150,57
[INFO] 48,150,53
[INFO] 50,150,54
[INFO] 52,150,56
[INFO] 54,150,55
[INFO] 56,150,58
[INFO] 58,150,49
[INFO] 60,150,58
[INFO] 60,156,46
[INFO] 58,156,51
[INFO] 56,156,44
[INFO] 54,156,39
[INFO] 52,156,44
[INFO] 50,156,50
[INFO] 48,156,49
[INFO] 46,156,46
[INFO] 44,156,41
[INFO] 42,156,35
[INFO] 40,156,56
[INFO] 38,156,55
[INFO] 36,156,39
[INFO] 34,156,48
[INFO] 32,156,39
[INFO] 30,156,43
[INFO] 28,156,31
[INFO] 26,156,21
[INFO] 24,156,31
[INFO] 22,156,31
[INFO] 20,156,31
[INFO] 18,156,25
[INFO] 16,156,30
[INFO] 14,156,21
[INFO] 12,156,37
[INFO] 10,156,31
[INFO] 8,156,34
[INFO] 6,156,31
[INFO] 4,156,19
[INFO] 2,156,31
[INFO] 0,156,37
[INFO] 0,162,41
[INFO] 2,162,43
[INFO] 4,162,41
[INFO] 6,162,42
[INFO] 8,162,27
[INFO] 10,162,26
[INFO] 12,162,31
[INFO] 14,162,31
[INFO] 16,162,24
[INFO] 18,162,22
[INFO] 20,162,19
[INFO] 22,162,31
[INFO] 24,162,34
[INFO] 26,162,31
[INFO] 28,162,0
[INFO] 30,162,36
[INFO] 32,162,27
[INFO] 34,162,39
[INFO] 36,162,0
[INFO] 38,162,44
[INFO] 40,162,48
[INFO] 42,162,49
[INFO] 44,162,0
[INFO] 46,162,53
[INFO] 48,162,60
[INFO] 50,162,53
[INFO] 52,162,0
[INFO] 54,162,50
[INFO] 56,162,49
[INFO] 58,162,60
[INFO] 60,162,50
[INFO] 60,168,0
[INFO] 58,168,0
[INFO] 56,168,0
[INFO] 54,168,0
[INFO] 52,168,41
[INFO] 50,168,40
[INFO] 48,168,41
[INFO] 46,168,41
[INFO] 44,168,0
[INFO] 42,168,0
[INFO] 40,168,0
[INFO] 38,168,42
[INFO] 36,168,46
[INFO] 34,168,44
[INFO] 32,168,42
[INFO] 30,168,36
[INFO] 28,168,38
[INFO] 26,168,22
[INFO] 24,168,16
[INFO] 22,168,0
[INFO] 20,168,22
[INFO] 18,168,17
[INFO] 16,168,26
[INFO] 14,168,16
[INFO] 12,168,0
[INFO] 10,168,0
[INFO] 8,168,16
[INFO] 6,168,21
[INFO] 4,168,30
[INFO] 2,168,15
[INFO] 0,168,0
[INFO] 0,174,0
[INFO] 2,174,0
[INFO] 4,174,0
[INFO] 6,174,24
[INFO] 8,174,30
[INFO] 10,174,22
[INFO] 12,174,24
[INFO] 14,174,30
[INFO] 16,174,32
[INFO] 18,174,30
[INFO] 20,174,24
[INFO] 22,174,0
[INFO] 24,174,32
[INFO] 26,174,10
[INFO] 28,174,14
[INFO] 30,174,11
[INFO] 32,174,22
[INFO] 34,174,16
[INFO] 36,174,26
[INFO] 38,174,27
[INFO] 40,174,38
[INFO] 42,174,35
[INFO] 44,174,43
[INFO] 46,174,41
[INFO] 48,174,35
[INFO] 50,174,0
[INFO] 52,174,0
[INFO] 54,174,0
[INFO] 56,174,0
[INFO] 58,174,27
[INFO] 60,174,30
[INFO] 60,180,41
[INFO] 58,180,0
[INFO] 56,180,0
[INFO] 54,180,0
[INFO] 52,180,35
[INFO] 50,180,25
[INFO] 48,180,38
[INFO] 46,180,34
[INFO] 44,180,0
[INFO] 42,180,45
[INFO] 40,180,48
[INFO] 38,180,37
[INFO] 36,180,52
[INFO] 34,180,35
[INFO] 32,180,30
[INFO] 30,180,30
[INFO] 28,180,25
[INFO] 26,180,16
[INFO] 24,180,20
[INFO] 22,180,19
[INFO] 20,180,24
[INFO] 18,180,30
[INFO] 16,180,14
[INFO] 14,180,26
[INFO] 12,180,21
[INFO] 10,180,24
[INFO] 8,180,0
[INFO] 6,180,32
[INFO] 4,180,32
[INFO] 2,180,21
[INFO] 0,180,22
[INFO] 0,186,27
[INFO] 2,186,25
[INFO] 4,186,35
[INFO] 6,186,0
[INFO] 8,186,0
[INFO] 10,186,19
[INFO] 12,186,30
[INFO] 14,186,20
[INFO] 16,186,0
[INFO] 18,186,0
[INFO] 20,186,10
[INFO] 22,186,19
[INFO] 24,186,11
[INFO] 26,186,32
[INFO] 28,186,0
[INFO] 30,186,17
[INFO] 32,186,25
[INFO] 34,186,22
[INFO] 36,186,0
[INFO] 38,186,37
[INFO] 40,186,27
[INFO] 42,186,36
[INFO] 44,186,40
[INFO] 46,186,32
[INFO] 48,186,41
[INFO] 50,186,42
[INFO] 52,186,37
[INFO] 54,186,34
[INFO] 56,186,38
[INFO] 58,186,32
[INFO] 60,186,40
[DEBUG] SystemTasks::image3dCapturerTask executed in:  41940  ms 
[DEBUG] 3D image captured in  41817501824  ns 
[INFO] 60,120,76
[INFO] 58,120,73
[INFO] 56,120,71
[INFO] 54,120,70
[INFO] 52,120,69
[INFO] 50,120,67
[INFO] 48,120,69
[INFO] 46,120,67
[INFO] 44,120,67
[INFO] 42,120,69
[INFO] 40,120,68
[INFO] 38,120,68
[INFO] 36,120,68
[INFO] 34,120,70
[INFO] 32,120,70
[INFO] 30,120,71
[INFO] 28,120,71
[INFO] 26,120,26
[INFO] 24,120,45
[INFO] 22,120,44
[INFO] 20,120,45
[INFO] 18,120,44
[INFO] 16,120,45
[INFO] 14,120,48
[INFO] 12,120,48
[INFO] 10,120,50
[INFO] 8,120,53
[INFO] 6,120,52
[INFO] 4,120,43
[INFO] 2,120,45
[INFO] 0,120,44
[INFO] 0,126,43
[INFO] 2,126,40
[INFO] 4,126,41
[INFO] 6,126,32
[INFO] 8,126,39
[INFO] 10,126,41
[INFO] 12,126,42
[INFO] 14,126,41
[INFO] 16,126,43
[INFO] 18,126,37
[INFO] 20,126,39
[INFO] 22,126,39
[INFO] 24,126,39
[INFO] 26,126,42
[INFO] 28,126,42
[INFO] 30,126,42
[INFO] 32,126,24
[INFO] 34,126,38
[INFO] 36,126,69
[INFO] 38,126,69
[INFO] 40,126,71
[INFO] 42,126,69
[INFO] 44,126,69
[INFO] 46,126,69
[INFO] 48,126,69
[INFO] 50,126,69
[INFO] 52,126,71
[INFO] 54,126,69
[INFO] 56,126,71
[INFO] 58,126,71
[INFO] 60,126,71
[INFO] 60,132,72
[INFO] 58,132,71
[INFO] 56,132,71
[INFO] 54,132,71
[INFO] 52,132,71
[INFO] 50,132,71
[INFO] 48,132,69
[INFO] 46,132,69
[INFO] 44,132,71
[INFO] 42,132,69
[INFO] 40,132,71
[INFO] 38,132,69
[INFO] 36,132,71
[INFO] 34,132,72
[INFO] 32,132,70
[INFO] 30,132,70
[INFO] 28,132,40
[INFO] 26,132,36
[INFO] 24,132,30
[INFO] 22,132,36
[INFO] 20,132,37
[INFO] 18,132,36
[INFO] 16,132,37
[INFO] 14,132,41
[INFO] 12,132,40
[INFO] 10,132,41
[INFO] 8,132,45
[INFO] 6,132,42
[INFO] 4,132,41
[INFO] 2,132,41
[INFO] 0,132,43
[INFO] 0,138,36
[INFO] 2,138,36
[INFO] 4,138,36
[INFO] 6,138,42
[INFO] 8,138,40
[INFO] 10,138,41
[INFO] 12,138,40
[INFO] 14,138,40
[INFO] 16,138,40
[INFO] 18,138,39
[INFO] 20,138,49
[INFO] 22,138,46
[INFO] 24,138,36
[INFO] 26,138,31
[INFO] 28,138,39
[INFO] 30,138,35
[INFO] 32,138,40
[INFO] 34,138,31
[INFO] 36,138,36
[INFO] 38,138,53
[INFO] 40,138,57
[INFO] 42,138,67
[INFO] 44,138,66
[INFO] 46,138,67
[INFO] 48,138,66
[INFO] 50,138,65
[INFO] 52,138,62
[INFO] 54,138,68
[INFO] 56,138,68
[INFO] 58,138,65
[INFO] 60,138,67
[INFO] 60,144,48
[INFO] 58,144,50
[INFO] 56,144,49
[INFO] 54,144,45
[INFO] 52,144,48
[INFO] 50,144,51
[INFO] 48,144,50
[INFO] 46,144,54
[INFO] 44,144,53
[INFO] 42,144,44
[INFO] 40,144,51
[INFO] 38,144,51
[INFO] 36,144,57
[INFO] 34,144,51
[INFO] 32,144,53
[INFO] 30,144,31
[INFO] 28,144,31
[INFO] 26,144,26
[INFO] 24,144,22
[INFO] 22,144,27
[INFO] 20,144,25
[INFO] 18,144,27
[INFO] 16,144,35
[INFO] 14,144,34
[INFO] 12,144,27
[INFO] 10,144,26
[INFO] 8,144,27
[INFO] 6,144,31
[INFO] 4,144,22
[INFO] 2,144,38
[INFO] 0,144,35
[INFO] 0,150,35
[INFO] 2,150,34
[INFO] 4,150,34
[INFO] 6,150,31
[INFO] 8,150,39
[INFO] 10,150,26
[INFO] 12,150,31
[INFO] 14,150,34
[INFO] 16,150,30
[INFO] 18,150,21
[INFO] 20,150,27
[INFO] 22,150,31
[INFO] 24,150,40
[INFO] 26,150,30
[INFO] 28,150,34
[INFO] 30,150,31
[INFO] 32,150,27
[INFO] 34,150,31
[INFO] 36,150,31
[INFO] 38,150,31
[INFO] 40,150,44
[INFO] 42,150,43
[INFO] 44,150,50
[INFO] 46,150,51
[INFO] 48,150,51
[INFO] 50,150,56
[INFO] 52,150,53
[INFO] 54,150,46
[INFO] 56,150,51
[INFO] 58,150,57
[INFO] 60,150,53
[INFO] 60,156,55
[INFO] 58,156,48
[INFO] 56,156,50
[INFO] 54,156,42
[INFO] 52,156,38
[INFO] 50,156,49
[INFO] 48,156,39
[INFO] 46,156,48
[INFO] 44,156,38
[INFO] 42,156,38
[INFO] 40,156,46
[INFO] 38,156,50
[INFO] 36,156,46
[INFO] 34,156,0
[INFO] 32,156,43
[INFO] 30,156,38
[INFO] 28,156,30
[INFO] 26,156,31
[INFO] 24,156,21
[INFO] 22,156,19
[INFO] 20,156,44
[INFO] 18,156,36
[INFO] 16,156,27
[INFO] 14,156,22
[INFO] 12,156,27
[INFO] 10,156,21
[INFO] 8,156,36
[INFO] 6,156,0
[INFO] 4,156,34
[INFO] 2,156,26
[INFO] 0,156,24
[INFO] 0,162,25
[INFO] 2,162,35
[INFO] 4,162,36
[INFO] 6,162,35
[INFO] 8,162,38
[INFO] 10,162,24
[INFO] 12,162,35
[INFO] 14,162,39
[INFO] 16,162,25
[INFO] 18,162,31
[INFO] 20,162,31
[INFO] 22,162,21
[INFO] 24,162,31
[INFO] 26,162,27
[INFO] 28,162,15
[INFO] 30,162,34
[INFO] 32,162,21
[INFO] 34,162,12
[INFO] 36,162,30
[INFO] 38,162,36
[INFO] 40,162,31
[INFO] 42,162,49
[INFO] 44,162,53
[INFO] 46,162,45
[INFO] 48,162,41
[INFO] 50,162,48
[INFO] 52,162,38
[INFO] 54,162,50
[INFO] 56,162,42
[INFO] 58,162,42
[INFO] 60,162,41
[INFO] 60,168,0
[INFO] 58,168,0
[INFO] 56,168,0
[INFO] 54,168,0
[INFO] 52,168,0
[INFO] 50,168,51
[INFO] 48,168,48
[INFO] 46,168,51
[INFO] 44,168,51
[INFO] 42,168,0
[INFO] 40,168,0
[INFO] 38,168,44
[INFO] 36,168,44
[INFO] 34,168,39
[INFO] 32,168,44
[INFO] 30,168,0
[INFO] 28,168,30
[INFO] 26,168,26
[INFO] 24,168,27
[INFO] 22,168,24
[INFO] 20,168,0
[INFO] 18,168,0
[INFO] 16,168,0
[INFO] 14,168,0
[INFO] 12,168,0
[INFO] 10,168,0
[INFO] 8,168,0
[INFO] 6,168,0
[INFO] 4,168,0
[INFO] 2,168,0
[INFO] 0,168,0
[INFO] 0,174,0
[INFO] 2,174,0
[INFO] 4,174,0
[INFO] 6,174,22
[INFO] 8,174,31
[INFO] 10,174,21
[INFO] 12,174,0
[INFO] 14,174,22
[INFO] 16,174,22
[INFO] 18,174,24
[INFO] 20,174,32
[INFO] 22,174,12
[INFO] 24,174,12
[INFO] 26,174,17
[INFO] 28,174,20
[INFO] 30,174,0
[INFO] 32,174,9
[INFO] 34,174,21
[INFO] 36,174,24
[INFO] 38,174,35
[INFO] 40,174,0
[INFO] 42,174,30
[INFO] 44,174,37
[INFO] 46,174,38
[INFO] 48,174,43
[INFO] 50,174,0
[INFO] 52,174,0
[INFO] 54,174,0
[INFO] 56,174,48
[INFO] 58,174,35
[INFO] 60,174,38
[INFO] 60,180,39
[INFO] 58,180,0
[INFO] 56,180,0
[INFO] 54,180,0
[INFO] 52,180,32
[INFO] 50,180,25
[INFO] 48,180,44
[INFO] 46,180,45
[INFO] 44,180,0
[INFO] 42,180,46
[INFO] 40,180,39
[INFO] 38,180,39
[INFO] 36,180,38
[INFO] 34,180,36
[INFO] 32,180,44
[INFO] 30,180,15
[INFO] 28,180,32
[INFO] 26,180,0
[INFO] 24,180,14
[INFO] 22,180,17
[INFO] 20,180,20
[INFO] 18,180,15
[INFO] 16,180,0
[INFO] 14,180,20
[INFO] 12,180,17
[INFO] 10,180,17
[INFO] 8,180,38
[INFO] 6,180,22
[INFO] 4,180,22
[INFO] 2,180,22
[INFO] 0,180,30
[INFO] 0,186,19
[INFO] 2,186,32
[INFO] 4,186,24
[INFO] 6,186,15
[INFO] 8,186,0
[INFO] 10,186,0
[INFO] 12,186,17
[INFO] 14,186,21
[INFO] 16,186,15
[INFO] 18,186,17
[INFO] 20,186,21
[INFO] 22,186,17
[INFO] 24,186,12
[INFO] 26,186,24
[INFO] 28,186,0
[INFO] 30,186,25
[INFO] 32,186,21
[INFO] 34,186,22
[INFO] 36,186,27
[INFO] 38,186,0
[INFO] 40,186,19
[INFO] 42,186,41
[INFO] 44,186,40
[INFO] 46,186,35
[INFO] 48,186,0
[INFO] 50,186,49
[INFO] 52,186,46
[INFO] 54,186,40
[INFO] 56,186,26
[INFO] 58,186,0
[INFO] 60,186,0
[DEBUG] SystemTasks::image3dCapturerTask executed in:  41960  ms 
[DEBUG] 3D image captured in  41849645184  ns 
[INFO] 60,120,0
[INFO] 58,120,74
[INFO] 56,120,72
[INFO] 54,120,72
[INFO] 52,120,72
[INFO] 50,120,71
[INFO] 48,120,71
[INFO] 46,120,71
[INFO] 44,120,69
[INFO] 42,120,70
[INFO] 40,120,85
[INFO] 38,120,73
[INFO] 36,120,69
[INFO] 34,120,70
[INFO] 32,120,72
[INFO] 30,120,72
[INFO] 28,120,61
[INFO] 26,120,38
[INFO] 24,120,44
[INFO] 22,120,44
[INFO] 20,120,40
[INFO] 18,120,42
[INFO] 16,120,45
[INFO] 14,120,42
[INFO] 12,120,51
[INFO] 10,120,45
[INFO] 8,120,37
[INFO] 6,120,43
[INFO] 4,120,35
[INFO] 2,120,46
[INFO] 0,120,31
[INFO] 0,126,42
[INFO] 2,126,41
[INFO] 4,126,41
[INFO] 6,126,43
[INFO] 8,126,39
[INFO] 10,126,38
[INFO] 12,126,53
[INFO] 14,126,49
[INFO] 16,126,43
[INFO] 18,126,49
[INFO] 20,126,44
[INFO] 22,126,40
[INFO] 24,126,40
[INFO] 26,126,37
[INFO] 28,126,39
[INFO] 30,126,38
[INFO] 32,126,27
[INFO] 34,126,32
[INFO] 36,126,67
[INFO] 38,126,68
[INFO] 40,126,70
[INFO] 42,126,68
[INFO] 44,126,70
[INFO] 46,126,68
[INFO] 48,126,68
[INFO] 50,126,68
[INFO] 52,126,68
[INFO] 54,126,68
[INFO] 56,126,68
[INFO] 58,126,70
[INFO] 60,126,71
[INFO] 60,132,70
[INFO] 58,132,70
[INFO] 56,132,70
[INFO] 54,132,70
[INFO] 52,132,70
[INFO] 50,132,68
[INFO] 48,132,68
[INFO] 46,132,68
[INFO] 44,132,70
[INFO] 42,132,68
[INFO] 40,132,70
[INFO] 38,132,68
[INFO] 36,132,70
[INFO] 34,132,72
[INFO] 32,132,68
[INFO] 30,132,66
[INFO] 28,132,36
[INFO] 26,132,27
[INFO] 24,132,34
[INFO] 22,132,38
[INFO] 20,132,34
[INFO] 18,132,40
[INFO] 16,132,36
[INFO] 14,132,40
[INFO] 12,132,38
[INFO] 10,132,38
[INFO] 8,132,39
[INFO] 6,132,38
[INFO] 4,132,43
[INFO] 2,132,39
[INFO] 0,132,40
[INFO] 0,138,42
[INFO] 2,138,40
[INFO] 4,138,38
[INFO] 6,138,39
[INFO] 8,138,37
[INFO] 10,138,39
[INFO] 12,138,38
[INFO] 14,138,39
[INFO] 16,138,35
[INFO] 18,138,32
[INFO] 20,138,39
[INFO] 22,138,46
[INFO] 24,138,41
[INFO] 26,138,36
[INFO] 28,138,27
[INFO] 30,138,35
[INFO] 32,138,24
[INFO] 34,138,32
[INFO] 36,138,32
[INFO] 38,138,53
[INFO] 40,138,67
[INFO] 42,138,63
[INFO] 44,138,66
[INFO] 46,138,62
[INFO] 48,138,67
[INFO] 50,138,63
[INFO] 52,138,66
[INFO] 54,138,69
[INFO] 56,138,66
[INFO] 58,138,61
[INFO] 60,138,67
[INFO] 60,144,32
[INFO] 58,144,57
[INFO] 56,144,46
[INFO] 54,144,58
[INFO] 52,144,53
[INFO] 50,144,53
[INFO] 48,144,59
[INFO] 46,144,42
[INFO] 44,144,50
[INFO] 42,144,50
[INFO] 40,144,56
[INFO] 38,144,45
[INFO] 36,144,55
[INFO] 34,144,54
[INFO] 32,144,45
[INFO] 30,144,25
[INFO] 28,144,30
[INFO] 26,144,22
[INFO] 24,144,32
[INFO] 22,144,32
[INFO] 20,144,30
[INFO] 18,144,35
[INFO] 16,144,25
[INFO] 14,144,32
[INFO] 12,144,32
[INFO] 10,144,32
[INFO] 8,144,30
[INFO] 6,144,32
[INFO] 4,144,32
[INFO] 2,144,30
[INFO] 0,144,25
[INFO] 0,150,36
[INFO] 2,150,32
[INFO] 4,150,38
[INFO] 6,150,40
[INFO] 8,150,30
[INFO] 10,150,30
[INFO] 12,150,30
[INFO] 14,150,25
[INFO] 16,150,21
[INFO] 18,150,30
[INFO] 20,150,17
[INFO] 22,150,16
[INFO] 24,150,22
[INFO] 26,150,26
[INFO] 28,150,25
[INFO] 30,150,30
[INFO] 32,150,25
[INFO] 34,150,25
[INFO] 36,150,30
[INFO] 38,150,0
[INFO] 40,150,50
[INFO] 42,150,59
[INFO] 44,150,50
[INFO] 46,150,57
[INFO] 48,150,52
[INFO] 50,150,49
[INFO] 52,150,62
[INFO] 54,150,59
[INFO] 56,150,48
[INFO] 58,150,56
[INFO] 60,150,52
[INFO] 60,156,43
[INFO] 58,156,46
[INFO] 56,156,43
[INFO] 54,156,50
[INFO] 52,156,48
[INFO] 50,156,41
[INFO] 48,156,50
[INFO] 46,156,50
[INFO] 44,156,56
[INFO] 42,156,58
[INFO] 40,156,53
[INFO] 38,156,55
[INFO] 36,156,42
[INFO] 34,156,59
[INFO] 32,156,48
[INFO] 30,156,39
[INFO] 28,156,30
[INFO] 26,156,26
[INFO] 24,156,30
[INFO] 22,156,42
[INFO] 20,156,36
[INFO] 18,156,35
[INFO] 16,156,26
[INFO] 14,156,30
[INFO] 12,156,32
[INFO] 10,156,24
[INFO] 8,156,32
[INFO] 6,156,32
[INFO] 4,156,30
[INFO] 2,156,30
[INFO] 0,156,27
[INFO] 0,162,35
[INFO] 2,162,32
[INFO] 4,162,38
[INFO] 6,162,32
[INFO] 8,162,37
[INFO] 10,162,32
[INFO] 12,162,36
[INFO] 14,162,30
[INFO] 16,162,24
[INFO] 18,162,27
[INFO] 20,162,30
[INFO] 22,162,22
[INFO] 24,162,24
[INFO] 26,162,40
[INFO] 28,162,34
[INFO] 30,162,19
[INFO] 32,162,34
[INFO] 34,162,17
[INFO] 36,162,0
[INFO] 38,162,36
[INFO] 40,162,42
[INFO] 42,162,39
[INFO] 44,162,46
[INFO] 46,162,44
[INFO] 48,162,45
[INFO] 50,162,46
[INFO] 52,162,53
[INFO] 54,162,59
[INFO] 56,162,36
[INFO] 58,162,38
[INFO] 60,162,58
[INFO] 60,168,0
[INFO] 58,168,0
[INFO] 56,168,44
[INFO] 54,168,38
[INFO] 52,168,41
[INFO] 50,168,48
[INFO] 48,168,0
[INFO] 46,168,0
[INFO] 44,168,37
[INFO] 42,168,42
[INFO] 40,168,40
[INFO] 38,168,48
[INFO] 36,168,0
[INFO] 34,168,52
[INFO] 32,168,42
[INFO] 30,168,27
[INFO] 28,168,30
[INFO] 26,168,0
[INFO] 24,168,0
[INFO] 22,168,0
[INFO] 20,168,0
[INFO] 18,168,0
[INFO] 16,168,0
[INFO] 14,168,0
[INFO] 12,168,0
[INFO] 10,168,0
[INFO] 8,168,0
[INFO] 6,168,0
[INFO] 4,168,0
[INFO] 2,168,20
[INFO] 0,168,24
[INFO] 0,174,15
[INFO] 2,174,0
[INFO] 4,174,0
[INFO] 6,174,0
[INFO] 8,174,0
[INFO] 10,174,27
[INFO] 12,174,21
[INFO] 14,174,19
[INFO] 16,174,20
[INFO] 18,174,0
[INFO] 20,174,27
[INFO] 22,174,21
[INFO] 24,174,12
[INFO] 26,174,16
[INFO] 28,174,0
[INFO] 30,174,21
[INFO] 32,174,11
[INFO] 34,174,20
[INFO] 36,174,16
[INFO] 38,174,0
[INFO] 40,174,31
[INFO] 42,174,27
[INFO] 44,174,39
[INFO] 46,174,43
[INFO] 48,174,0
[INFO] 50,174,38
[INFO] 52,174,34
[INFO] 54,174,41
[INFO] 56,174,27
[INFO] 58,174,0
[INFO] 60,174,0
[INFO] 60,180,0
[INFO] 58,180,27
[INFO] 56,180,32
[INFO] 54,180,35
[INFO] 52,180,41
[INFO] 50,180,0
[INFO] 48,180,42
[INFO] 46,180,37
[INFO] 44,180,39
[INFO] 42,180,41
[INFO] 40,180,0
[INFO] 38,180,51
[INFO] 36,180,41
[INFO] 34,180,26
[INFO] 32,180,32
[INFO] 30,180,41
[INFO] 28,180,17
[INFO] 26,180,15
[INFO] 24,180,6
[INFO] 22,180,16
[INFO] 20,180,27
[INFO] 18,180,15
[INFO] 16,180,19
[INFO] 14,180,0
[INFO] 12,180,10
[INFO] 10,180,24
[INFO] 8,180,24
[INFO] 6,180,35
[INFO] 4,180,0
[INFO] 2,180,27
[INFO] 0,180,31
[INFO] 0,186,25
[INFO] 2,186,0
[INFO] 4,186,0
[INFO] 6,186,0
[INFO] 8,186,0
[INFO] 10,186,12
[INFO] 12,186,11
[INFO] 14,186,17
[INFO] 16,186,17
[INFO] 18,186,22
[INFO] 20,186,14
[INFO] 22,186,25
[INFO] 24,186,19
[INFO] 26,186,0
[INFO] 28,186,20
[INFO] 30,186,16
[INFO] 32,186,27
[INFO] 34,186,0
[INFO] 36,186,25
[INFO] 38,186,27
[INFO] 40,186,34
[INFO] 42,186,38
[INFO] 44,186,0
[INFO] 46,186,40
[INFO] 48,186,36
[INFO] 50,186,27
[INFO] 52,186,39
[INFO] 54,186,0
[INFO] 56,186,43
[INFO] 58,186,27
[INFO] 60,186,35
[DEBUG] SystemTasks::image3dCapturerTask executed in:  42000  ms 
[DEBUG] 3D image captured in  41979887360  ns 
[INFO] 60,120,0
[INFO] 58,120,73
[INFO] 56,120,70
[INFO] 54,120,68
[INFO] 52,120,67
[INFO] 50,120,65
[INFO] 48,120,65
[INFO] 46,120,67
[INFO] 44,120,69
[INFO] 42,120,69
[INFO] 40,120,69
[INFO] 38,120,65
[INFO] 36,120,65
[INFO] 34,120,67
[INFO] 32,120,65
[INFO] 30,120,73
[INFO] 28,120,69
[INFO] 26,120,67
[INFO] 24,120,67
[INFO] 22,120,68
[INFO] 20,120,75
[INFO] 18,120,72
[INFO] 16,120,19
[INFO] 14,120,35
[INFO] 12,120,19
[INFO] 10,120,14
[INFO] 8,120,0
[INFO] 6,120,30
[INFO] 4,120,69
[INFO] 2,120,77
[INFO] 0,120,75
[INFO] 0,126,68
[INFO] 2,126,68
[INFO] 4,126,67
[INFO] 6,126,71
[INFO] 8,126,73
[INFO] 10,126,65
[INFO] 12,126,35
[INFO] 14,126,25
[INFO] 16,126,0
[INFO] 18,126,20
[INFO] 20,126,17
[INFO] 22,126,22
[INFO] 24,126,0
[INFO] 26,126,0
[INFO] 28,126,0
[INFO] 30,126,65
[INFO] 32,126,67
[INFO] 34,126,78
[INFO] 36,126,69
[INFO] 38,126,66
[INFO] 40,126,68
[INFO] 42,126,69
[INFO] 44,126,69
[INFO] 46,126,67
[INFO] 48,126,67
[INFO] 50,126,67
[INFO] 52,126,67
[INFO] 54,126,67
[INFO] 56,126,69
[INFO] 58,126,67
[INFO] 60,126,67
[INFO] 60,132,69
[INFO] 58,132,69
[INFO] 56,132,69
[INFO] 54,132,69
[INFO] 52,132,69
[INFO] 50,132,69
[INFO] 48,132,69
[INFO] 46,132,67
[INFO] 44,132,69
[INFO] 42,132,69
[INFO] 40,132,69
[INFO] 38,132,69
[INFO] 36,132,69
[INFO] 34,132,69
[INFO] 32,132,69
[INFO] 30,132,69
[INFO] 28,132,71
[INFO] 26,132,67
[INFO] 24,132,67
[INFO] 22,132,41
[INFO] 20,132,0
[INFO] 18,132,0
[INFO] 16,132,0
[INFO] 14,132,14
[INFO] 12,132,17
[INFO] 10,132,25
[INFO] 8,132,26
[INFO] 6,132,27
[INFO] 4,132,61
[INFO] 2,132,69
[INFO] 0,132,61
[INFO] 0,138,40
[INFO] 2,138,36
[INFO] 4,138,37
[INFO] 6,138,38
[INFO] 8,138,34
[INFO] 10,138,38
[INFO] 12,138,20
[INFO] 14,138,22
[INFO] 16,138,0
[INFO] 18,138,20
[INFO] 20,138,16
[INFO] 22,138,14
[INFO] 24,138,0
[INFO] 26,138,0
[INFO] 28,138,26
[INFO] 30,138,35
[INFO] 32,138,36
[INFO] 34,138,60
[INFO] 36,138,58
[INFO] 38,138,60
[INFO] 40,138,58
[INFO] 42,138,66
[INFO] 44,138,61
[INFO] 46,138,62
[INFO] 48,138,67
[INFO] 50,138,59
[INFO] 52,138,65
[INFO] 54,138,62
[INFO] 56,138,59
[INFO] 58,138,63
[INFO] 60,138,58
[INFO] 60,144,36
[INFO] 58,144,48
[INFO] 56,144,49
[INFO] 54,144,53
[INFO] 52,144,43
[INFO] 50,144,54
[INFO] 48,144,58
[INFO] 46,144,53
[INFO] 44,144,48
[INFO] 42,144,48
[INFO] 40,144,48
[INFO] 38,144,43
[INFO] 36,144,52
[INFO] 34,144,49
[INFO] 32,144,54
[INFO] 30,144,52
[INFO] 28,144,53
[INFO] 26,144,41
[INFO] 24,144,34
[INFO] 22,144,22
[INFO] 20,144,27
[INFO] 18,144,0
[INFO] 16,144,27
[INFO] 14,144,22
[INFO] 12,144,15
[INFO] 10,144,19
[INFO] 8,144,19
[INFO] 6,144,16
[INFO] 4,144,27
[INFO] 2,144,24
[INFO] 0,144,35
[INFO] 0,150,35
[INFO] 2,150,27
[INFO] 4,150,40
[INFO] 6,150,37
[INFO] 8,150,30
[INFO] 10,150,34
[INFO] 12,150,32
[INFO] 14,150,25
[INFO] 16,150,21
[INFO] 18,150,22
[INFO] 20,150,21
[INFO] 22,150,32
[INFO] 24,150,22
[INFO] 26,150,10
[INFO] 28,150,10
[INFO] 30,150,0
[INFO] 32,150,34
[INFO] 34,150,0
[INFO] 36,150,53
[INFO] 38,150,0
[INFO] 40,150,50
[INFO] 42,150,55
[INFO] 44,150,45
[INFO] 46,150,52
[INFO] 48,150,54
[INFO] 50,150,44
[INFO] 52,150,57
[INFO] 54,150,45
[INFO] 56,150,52
[INFO] 58,150,50
[INFO] 60,150,46
[INFO] 60,156,41
[INFO] 58,156,52
[INFO] 56,156,43
[INFO] 54,156,48
[INFO] 52,156,50
[INFO] 50,156,43
[INFO] 48,156,54
[INFO] 46,156,39
[INFO] 44,156,43
[INFO] 42,156,53
[INFO] 40,156,40
[INFO] 38,156,49
[INFO] 36,156,50
[INFO] 34,156,52
[INFO] 32,156,0
[INFO] 30,156,54
[INFO] 28,156,40
[INFO] 26,156,40
[INFO] 24,156,32
[INFO] 22,156,0
[INFO] 20,156,0
[INFO] 18,156,0
[INFO] 16,156,27
[INFO] 14,156,20
[INFO] 12,156,30
[INFO] 10,156,19
[INFO] 8,156,16
[INFO] 6,156,19
[INFO] 4,156,32
[INFO] 2,156,32
[INFO] 0,156,30
[INFO] 0,162,34
[INFO] 2,162,34
[INFO] 4,162,26
[INFO] 6,162,34
[INFO] 8,162,0
[INFO] 10,162,27
[INFO] 12,162,25
[INFO] 14,162,17
[INFO] 16,162,20
[INFO] 18,162,26
[INFO] 20,162,22
[INFO] 22,162,25
[INFO] 24,162,27
[INFO] 26,162,0
[INFO] 28,162,0
[INFO] 30,162,0
[INFO] 32,162,19
[INFO] 34,162,0
[INFO] 36,162,42
[INFO] 38,162,45
[INFO] 40,162,49
[INFO] 42,162,57
[INFO] 44,162,50
[INFO] 46,162,50
[INFO] 48,162,50
[INFO] 50,162,39
[INFO] 52,162,46
[INFO] 54,162,52
[INFO] 56,162,44
[INFO] 58,162,45
[INFO] 60,162,45
[INFO] 60,168,40
[INFO] 58,168,38
[INFO] 56,168,42
[INFO] 54,168,43
[INFO] 52,168,0
[INFO] 50,168,43
[INFO] 48,168,43
[INFO] 46,168,44
[INFO] 44,168,41
[INFO] 42,168,0
[INFO] 40,168,0
[INFO] 38,168,34
[INFO] 36,168,48
[INFO] 34,168,49
[INFO] 32,168,44
[INFO] 30,168,0
[INFO] 28,168,41
[INFO] 26,168,27
[INFO] 24,168,21
[INFO] 22,168,27
[INFO] 20,168,0
[INFO] 18,168,12
[INFO] 16,168,14
[INFO] 14,168,12
[INFO] 12,168,0
[INFO] 10,168,0
[INFO] 8,168,0
[INFO] 6,168,0
[INFO] 4,168,0
[INFO] 2,168,0
[INFO] 0,168,0
[INFO] 0,174,0
[INFO] 2,174,20
[INFO] 4,174,27
[INFO] 6,174,26
[INFO] 8,174,21
[INFO] 10,174,0
[INFO] 12,174,24
[INFO] 14,174,20
[INFO] 16,174,17
[INFO] 18,174,19
[INFO] 20,174,11
[INFO] 22,174,19
[INFO] 24,174,12
[INFO] 26,174,10
[INFO] 28,174,0
[INFO] 30,174,20
[INFO] 32,174,0
[INFO] 34,174,22
[INFO] 36,174,0
[INFO] 38,174,45
[INFO] 40,174,25
[INFO] 42,174,36
[INFO] 44,174,42
[INFO] 46,174,39
[INFO] 48,174,46
[INFO] 50,174,46
[INFO] 52,174,38
[INFO] 54,174,0
[INFO] 56,174,40
[INFO] 58,174,32
[INFO] 60,174,39
[INFO] 60,180,0
[INFO] 58,180,0
[INFO] 56,180,0
[INFO] 54,180,37
[INFO] 52,180,36
[INFO] 50,180,31
[INFO] 48,180,39
[INFO] 46,180,0
[INFO] 44,180,32
[INFO] 42,180,41
[INFO] 40,180,31
[INFO] 38,180,38
[INFO] 36,180,31
[INFO] 34,180,39
[INFO] 32,180,46
[INFO] 30,180,49
[INFO] 28,180,0
[INFO] 26,180,31
[INFO] 24,180,25
[INFO] 22,180,20
[INFO] 20,180,0
[INFO] 18,180,11
[INFO] 16,180,9
[INFO] 14,180,16
[INFO] 12,180,4
[INFO] 10,180,0
[INFO] 8,180,27
[INFO] 6,180,17
[INFO] 4,180,21
[INFO] 2,180,16
[INFO] 0,180,2836
[INFO] 0,186,27
[INFO] 2,186,31
[INFO] 4,186,21
[INFO] 6,186,0
[INFO] 8,186,15
[INFO] 10,186,26
[INFO] 12,186,14
[INFO] 14,186,14
[INFO] 16,186,0
[INFO] 18,186,12
[INFO] 20,186,16
[INFO] 22,186,12
[INFO] 24,186,0
[INFO] 26,186,0
[INFO] 28,186,0
[INFO] 30,186,0
[INFO] 32,186,0
[INFO] 34,186,38
[INFO] 36,186,35
[INFO] 38,186,31
[INFO] 40,186,31
[INFO] 42,186,0
[INFO] 44,186,40
[INFO] 46,186,37
[INFO] 48,186,37
[INFO] 50,186,0
[INFO] 52,186,22
[INFO] 54,186,35
[INFO] 56,186,27
[INFO] 58,186,35
[INFO] 60,186,0
[DEBUG] SystemTasks::image3dCapturerTask executed in:  42120  ms 
[DEBUG] 3D image captured in  41795046912  ns 
[INFO] 60,120,0
[INFO] 58,120,71
[INFO] 56,120,71
[INFO] 54,120,71
[INFO] 52,120,68
[INFO] 50,120,69
[INFO] 48,120,69
[INFO] 46,120,65
[INFO] 44,120,34
[INFO] 42,120,40
[INFO] 40,120,36
[INFO] 38,120,52
[INFO] 36,120,72
[INFO] 34,120,70
[INFO] 32,120,69
[INFO] 30,120,70
[INFO] 28,120,70
[INFO] 26,120,67
[INFO] 24,120,67
[INFO] 22,120,37
[INFO] 20,120,0
[INFO] 18,120,0
[INFO] 16,120,0
[INFO] 14,120,22
[INFO] 12,120,26
[INFO] 10,120,21
[INFO] 8,120,26
[INFO] 6,120,25
[INFO] 4,120,67
[INFO] 2,120,68
[INFO] 0,120,71
[INFO] 0,126,41
[INFO] 2,126,43
[INFO] 4,126,42
[INFO] 6,126,59
[INFO] 8,126,71
[INFO] 10,126,69
[INFO] 12,126,30
[INFO] 14,126,24
[INFO] 16,126,0
[INFO] 18,126,16
[INFO] 20,126,12
[INFO] 22,126,0
[INFO] 24,126,0
[INFO] 26,126,0
[INFO] 28,126,0
[INFO] 30,126,58
[INFO] 32,126,69
[INFO] 34,126,69
[INFO] 36,126,68
[INFO] 38,126,68
[INFO] 40,126,66
[INFO] 42,126,67
[INFO] 44,126,69
[INFO] 46,126,36
[INFO] 48,126,35
[INFO] 50,126,40
[INFO] 52,126,65
[INFO] 54,126,67
[INFO] 56,126,67
[INFO] 58,126,67
[INFO] 60,126,70
[INFO] 60,132,69
[INFO] 58,132,69
[INFO] 56,132,69
[INFO] 54,132,67
[INFO] 52,132,71
[INFO] 50,132,66
[INFO] 48,132,66
[INFO] 46,132,67
[INFO] 44,132,37
[INFO] 42,132,35
[INFO] 40,132,48
[INFO] 38,132,56
[INFO] 36,132,69
[INFO] 34,132,69
[INFO] 32,132,69
[INFO] 30,132,68
[INFO] 28,132,69
[INFO] 26,132,69
[INFO] 24,132,70
[INFO] 22,132,44
[INFO] 20,132,26
[INFO] 18,132,0
[INFO] 16,132,0
[INFO] 14,132,12
[INFO] 12,132,21
[INFO] 10,132,15
[INFO] 8,132,26
[INFO] 6,132,25
[INFO] 4,132,60
[INFO] 2,132,57
[INFO] 0,132,50
[INFO] 0,138,36
[INFO] 2,138,39
[INFO] 4,138,38
[INFO] 6,138,31
[INFO] 8,138,36
[INFO] 10,138,34
[INFO] 12,138,31
[INFO] 14,138,0
[INFO] 16,138,0
[INFO] 18,138,19
[INFO] 20,138,19
[INFO] 22,138,15
[INFO] 24,138,0
[INFO] 26,138,0
[INFO] 28,138,31
[INFO] 30,138,35
[INFO] 32,138,37
[INFO] 34,138,57
[INFO] 36,138,66
[INFO] 38,138,65
[INFO] 40,138,58
[INFO] 42,138,25
[INFO] 44,138,22
[INFO] 46,138,31
[INFO] 48,138,37
[INFO] 50,138,37
[INFO] 52,138,36
[INFO] 54,138,25
[INFO] 56,138,24
[INFO] 58,138,31
[INFO] 60,138,51
[INFO] 60,144,49
[INFO] 58,144,49
[INFO] 56,144,43
[INFO] 54,144,41
[INFO] 52,144,27
[INFO] 50,144,24
[INFO] 48,144,25
[INFO] 46,144,26
[INFO] 44,144,24
[INFO] 42,144,25
[INFO] 40,144,26
[INFO] 38,144,25
[INFO] 36,144,27
[INFO] 34,144,43
[INFO] 32,144,49
[INFO] 30,144,49
[INFO] 28,144,42
[INFO] 26,144,31
[INFO] 24,144,34
[INFO] 22,144,15
[INFO] 20,144,0
[INFO] 18,144,20
[INFO] 16,144,21
[INFO] 14,144,11
[INFO] 12,144,20
[INFO] 10,144,20
[INFO] 8,144,17
[INFO] 6,144,31
[INFO] 4,144,37
[INFO] 2,144,27
[INFO] 0,144,27
[INFO] 0,150,27
[INFO] 2,150,32
[INFO] 4,150,36
[INFO] 6,150,26
[INFO] 8,150,31
[INFO] 10,150,32
[INFO] 12,150,21
[INFO] 14,150,19
[INFO] 16,150,22
[INFO] 18,150,9
[INFO] 20,150,21
[INFO] 22,150,27
[INFO] 24,150,26
[INFO] 26,150,35
[INFO] 28,150,27
[INFO] 30,150,34
[INFO] 32,150,34
[INFO] 34,150,40
[INFO] 36,150,42
[INFO] 38,150,46
[INFO] 40,150,39
[INFO] 42,150,30
[INFO] 44,150,25
[INFO] 46,150,27
[INFO] 48,150,26
[INFO] 50,150,27
[INFO] 52,150,26
[INFO] 54,150,21
[INFO] 56,150,26
[INFO] 58,150,27
[INFO] 60,150,41
[INFO] 60,156,46
[INFO] 58,156,40
[INFO] 56,156,37
[INFO] 54,156,43
[INFO] 52,156,41
[INFO] 50,156,24
[INFO] 48,156,30
[INFO] 46,156,30
[INFO] 44,156,25
[INFO] 42,156,22
[INFO] 40,156,22
[INFO] 38,156,26
[INFO] 36,156,27
[INFO] 34,156,39
[INFO] 32,156,39
[INFO] 30,156,40
[INFO] 28,156,39
[INFO] 26,156,35
[INFO] 24,156,30
[INFO] 22,156,25
[INFO] 20,156,0
[INFO] 18,156,12
[INFO] 16,156,34
[INFO] 14,156,25
[INFO] 12,156,26
[INFO] 10,156,20
[INFO] 8,156,20
[INFO] 6,156,21
[INFO] 4,156,22
[INFO] 2,156,32
[INFO] 0,156,34
[INFO] 0,162,32
[INFO] 2,162,49
[INFO] 4,162,35
[INFO] 6,162,42
[INFO] 8,162,45
[INFO] 10,162,26
[INFO] 12,162,26
[INFO] 14,162,25
[INFO] 16,162,26
[INFO] 18,162,19
[INFO] 20,162,14
[INFO] 22,162,22
[INFO] 24,162,32
[INFO] 26,162,27
[INFO] 28,162,19
[INFO] 30,162,22
[INFO] 32,162,42
[INFO] 34,162,22
[INFO] 36,162,41
[INFO] 38,162,50
[INFO] 40,162,44
[INFO] 42,162,49
[INFO] 44,162,32
[INFO] 46,162,22
[INFO] 48,162,27
[INFO] 50,162,22
[INFO] 52,162,30
[INFO] 54,162,30
[INFO] 56,162,25
[INFO] 58,162,39
[INFO] 60,162,43
[INFO] 60,168,0
[INFO] 58,168,0
[INFO] 56,168,0
[INFO] 54,168,0
[INFO] 52,168,0
[INFO] 50,168,0
[INFO] 48,168,0
[INFO] 46,168,0
[INFO] 44,168,0
[INFO] 42,168,0
[INFO] 40,168,0
[INFO] 38,168,0
[INFO] 36,168,0
[INFO] 34,168,36
[INFO] 32,168,21
[INFO] 30,168,30
[INFO] 28,168,35
[INFO] 26,168,40
[INFO] 24,168,30
[INFO] 22,168,19
[INFO] 20,168,14
[INFO] 18,168,27
[INFO] 16,168,0
[INFO] 14,168,25
[INFO] 12,168,26
[INFO] 10,168,16
[INFO] 8,168,22
[INFO] 6,168,0
[INFO] 4,168,20
[INFO] 2,168,0
[INFO] 0,168,0
[INFO] 0,174,32
[INFO] 2,174,32
[INFO] 4,174,19
[INFO] 6,174,26
[INFO] 8,174,0
[INFO] 10,174,0
[INFO] 12,174,15
[INFO] 14,174,12
[INFO] 16,174,16
[INFO] 18,174,20
[INFO] 20,174,12
[INFO] 22,174,1
[INFO] 24,174,25
[INFO] 26,174,16
[INFO] 28,174,0
[INFO] 30,174,12
[INFO] 32,174,20
[INFO] 34,174,36
[INFO] 36,174,34
[INFO] 38,174,42
[INFO] 40,174,43
[INFO] 42,174,27
[INFO] 44,174,26
[INFO] 46,174,0
[INFO] 48,174,17
[INFO] 50,174,20
[INFO] 52,174,11
[INFO] 54,174,21
[INFO] 56,174,0
[INFO] 58,174,16
[INFO] 60,174,32
[INFO] 60,180,31
[INFO] 58,180,0
[INFO] 56,180,0
[INFO] 54,180,34
[INFO] 52,180,31
[INFO] 50,180,21
[INFO] 48,180,17
[INFO] 46,180,31
[INFO] 44,180,21
[INFO] 42,180,20
[INFO] 40,180,21
[INFO] 38,180,22
[INFO] 36,180,25
[INFO] 34,180,27
[INFO] 32,180,36
[INFO] 30,180,41
[INFO] 28,180,0
[INFO] 26,180,25
[INFO] 24,180,25
[INFO] 22,180,20
[INFO] 20,180,21
[INFO] 18,180,21
[INFO] 16,180,6
[INFO] 14,180,15
[INFO] 12,180,14
[INFO] 10,180,0
[INFO] 8,180,11
[INFO] 6,180,15
[INFO] 4,180,19
[INFO] 2,180,6
[INFO] 0,180,26
[INFO] 0,186,27
[INFO] 2,186,26
[INFO] 4,186,0
[INFO] 6,186,0
[INFO] 8,186,12
[INFO] 10,186,19
[INFO] 12,186,16
[INFO] 14,186,17
[INFO] 16,186,0
[INFO] 18,186,12
[INFO] 20,186,16
[INFO] 22,186,31
[INFO] 24,186,14
[INFO] 26,186,9
[INFO] 28,186,1
[INFO] 30,186,27
[INFO] 32,186,17
[INFO] 34,186,0
[INFO] 36,186,31
[INFO] 38,186,35
[INFO] 40,186,40
[INFO] 42,186,35
[INFO] 44,186,0
[INFO] 46,186,0
[INFO] 48,186,0
[INFO] 50,186,0
[INFO] 52,186,21
[INFO] 54,186,19
[INFO] 56,186,27
[INFO] 58,186,27
[INFO] 60,186,0
[DEBUG] SystemTasks::image3dCapturerTask executed in:  41940  ms 
[DEBUG] 3D image captured in  41879065344  ns 
[INFO] 60,120,0
[INFO] 58,120,72
[INFO] 56,120,71
[INFO] 54,120,71
[INFO] 52,120,68
[INFO] 50,120,68
[INFO] 48,120,67
[INFO] 46,120,67
[INFO] 44,120,65
[INFO] 42,120,35
[INFO] 40,120,39
[INFO] 38,120,49
[INFO] 36,120,68
[INFO] 34,120,68
[INFO] 32,120,71
[INFO] 30,120,70
[INFO] 28,120,69
[INFO] 26,120,69
[INFO] 24,120,71
[INFO] 22,120,76
[INFO] 20,120,74
[INFO] 18,120,75
[INFO] 16,120,78
[INFO] 14,120,77
[INFO] 12,120,73
[INFO] 10,120,61
[INFO] 8,120,61
[INFO] 6,120,62
[INFO] 4,120,67
[INFO] 2,120,79
[INFO] 0,120,76
[INFO] 0,126,49
[INFO] 2,126,53
[INFO] 4,126,48
[INFO] 6,126,63
[INFO] 8,126,74
[INFO] 10,126,63
[INFO] 12,126,65
[INFO] 14,126,62
[INFO] 16,126,61
[INFO] 18,126,74
[INFO] 20,126,74
[INFO] 22,126,72
[INFO] 24,126,72
[INFO] 26,126,71
[INFO] 28,126,71
[INFO] 30,126,70
[INFO] 32,126,70
[INFO] 34,126,70
[INFO] 36,126,70
[INFO] 38,126,70
[INFO] 40,126,70
[INFO] 42,126,70
[INFO] 44,126,70
[INFO] 46,126,45
[INFO] 48,126,32
[INFO] 50,126,39
[INFO] 52,126,65
[INFO] 54,126,68
[INFO] 56,126,68
[INFO] 58,126,68
[INFO] 60,126,70
[INFO] 60,132,68
[INFO] 58,132,70
[INFO] 56,132,70
[INFO] 54,132,70
[INFO] 52,132,70
[INFO] 50,132,70
[INFO] 48,132,68
[INFO] 46,132,68
[INFO] 44,132,44
[INFO] 42,132,36
[INFO] 40,132,52
[INFO] 38,132,56
[INFO] 36,132,71
[INFO] 34,132,69
[INFO] 32,132,69
[INFO] 30,132,70
[INFO] 28,132,71
[INFO] 26,132,70
[INFO] 24,132,71
[INFO] 22,132,72
[INFO] 20,132,72
[INFO] 18,132,74
[INFO] 16,132,80
[INFO] 14,132,75
[INFO] 12,132,74
[INFO] 10,132,61
[INFO] 8,132,61
[INFO] 6,132,63
[INFO] 4,132,62
[INFO] 2,132,54
[INFO] 0,132,44
[INFO] 0,138,41
[INFO] 2,138,40
[INFO] 4,138,39
[INFO] 6,138,40
[INFO] 8,138,41
[INFO] 10,138,43
[INFO] 12,138,39
[INFO] 14,138,48
[INFO] 16,138,55
[INFO] 18,138,52
[INFO] 20,138,71
[INFO] 22,138,67
[INFO] 24,138,71
[INFO] 26,138,71
[INFO] 28,138,66
[INFO] 30,138,69
[INFO] 32,138,63
[INFO] 34,138,62
[INFO] 36,138,61
[INFO] 38,138,56
[INFO] 40,138,58
[INFO] 42,138,30
[INFO] 44,138,30
[INFO] 46,138,30
[INFO] 48,138,37
[INFO] 50,138,36
[INFO] 52,138,37
[INFO] 54,138,27
[INFO] 56,138,25
[INFO] 58,138,30
[INFO] 60,138,55
[INFO] 60,144,56
[INFO] 58,144,54
[INFO] 56,144,57
[INFO] 54,144,52
[INFO] 52,144,38
[INFO] 50,144,27
[INFO] 48,144,25
[INFO] 46,144,36
[INFO] 44,144,35
[INFO] 42,144,25
[INFO] 40,144,25
[INFO] 38,144,26
[INFO] 36,144,26
[INFO] 34,144,46
[INFO] 32,144,45
[INFO] 30,144,44
[INFO] 28,144,48
[INFO] 26,144,58
[INFO] 24,144,54
[INFO] 22,144,53
[INFO] 20,144,50
[INFO] 18,144,55
[INFO] 16,144,50
[INFO] 14,144,55
[INFO] 12,144,49
[INFO] 10,144,38
[INFO] 8,144,35
[INFO] 6,144,41
[INFO] 4,144,40
[INFO] 2,144,35
[INFO] 0,144,44
[INFO] 0,150,41
[INFO] 2,150,37
[INFO] 4,150,40
[INFO] 6,150,34
[INFO] 8,150,34
[INFO] 10,150,41
[INFO] 12,150,34
[INFO] 14,150,41
[INFO] 16,150,37
[INFO] 18,150,48
[INFO] 20,150,54
[INFO] 22,150,55
[INFO] 24,150,60
[INFO] 26,150,53
[INFO] 28,150,53
[INFO] 30,150,51
[INFO] 32,150,60
[INFO] 34,150,51
[INFO] 36,150,51
[INFO] 38,150,53
[INFO] 40,150,55
[INFO] 42,150,34
[INFO] 44,150,30
[INFO] 46,150,30
[INFO] 48,150,27
[INFO] 50,150,31
[INFO] 52,150,25
[INFO] 54,150,24
[INFO] 56,150,24
[INFO] 58,150,27
[INFO] 60,150,37
[INFO] 60,156,43
[INFO] 58,156,40
[INFO] 56,156,38
[INFO] 54,156,48
[INFO] 52,156,41
[INFO] 50,156,27
[INFO] 48,156,22
[INFO] 46,156,27
[INFO] 44,156,25
[INFO] 42,156,31
[INFO] 40,156,24
[INFO] 38,156,30
[INFO] 36,156,22
[INFO] 34,156,34
[INFO] 32,156,43
[INFO] 30,156,51
[INFO] 28,156,50
[INFO] 26,156,46
[INFO] 24,156,41
[INFO] 22,156,60
[INFO] 20,156,53
[INFO] 18,156,65
[INFO] 16,156,55
[INFO] 14,156,53
[INFO] 12,156,49
[INFO] 10,156,0
[INFO] 8,156,0
[INFO] 6,156,40
[INFO] 4,156,0
[INFO] 2,156,39
[INFO] 0,156,0
[INFO] 0,162,39
[INFO] 2,162,41
[INFO] 4,162,31
[INFO] 6,162,22
[INFO] 8,162,39
[INFO] 10,162,0
[INFO] 12,162,30
[INFO] 14,162,0
[INFO] 16,162,43
[INFO] 18,162,0
[INFO] 20,162,0
[INFO] 22,162,59
[INFO] 24,162,0
[INFO] 26,162,44
[INFO] 28,162,52
[INFO] 30,162,52
[INFO] 32,162,0
[INFO] 34,162,50
[INFO] 36,162,46
[INFO] 38,162,63
[INFO] 40,162,45
[INFO] 42,162,42
[INFO] 44,162,40
[INFO] 46,162,21
[INFO] 48,162,21
[INFO] 50,162,24
[INFO] 52,162,20
[INFO] 54,162,26
[INFO] 56,162,34
[INFO] 58,162,30
[INFO] 60,162,26
[INFO] 60,168,0
[INFO] 58,168,0
[INFO] 56,168,0
[INFO] 54,168,0
[INFO] 52,168,0
[INFO] 50,168,0
[INFO] 48,168,0
[INFO] 46,168,0
[INFO] 44,168,0
[INFO] 42,168,0
[INFO] 40,168,0
[INFO] 38,168,0
[INFO] 36,168,0
[INFO] 34,168,0
[INFO] 32,168,0
[INFO] 30,168,0
[INFO] 28,168,0
[INFO] 26,168,0
[INFO] 24,168,0
[INFO] 22,168,0
[INFO] 20,168,0
[INFO] 18,168,0
[INFO] 16,168,0
[INFO] 14,168,0
[INFO] 12,168,0
[INFO] 10,168,41
[INFO] 8,168,32
[INFO] 6,168,27
[INFO] 4,168,0
[INFO] 2,168,0
[INFO] 0,168,0
[INFO] 0,174,0
[INFO] 2,174,0
[INFO] 4,174,0
[INFO] 6,174,21
[INFO] 8,174,27
[INFO] 10,174,30
[INFO] 12,174,0
[INFO] 14,174,24
[INFO] 16,174,34
[INFO] 18,174,36
[INFO] 20,174,0
[INFO] 22,174,0
[INFO] 24,174,0
[INFO] 26,174,0
[INFO] 28,174,0
[INFO] 30,174,42
[INFO] 32,174,42
[INFO] 34,174,52
[INFO] 36,174,0
[INFO] 38,174,41
[INFO] 40,174,32
[INFO] 42,174,30
[INFO] 44,174,36
[INFO] 46,174,0
[INFO] 48,174,0
[INFO] 50,174,0
[INFO] 52,174,0
[INFO] 54,174,25
[INFO] 56,174,22
[INFO] 58,174,15
[INFO] 60,174,20
[INFO] 60,180,27
[INFO] 58,180,32
[INFO] 56,180,34
[INFO] 54,180,0
[INFO] 52,180,0
[INFO] 50,180,26
[INFO] 48,180,22
[INFO] 46,180,17
[INFO] 44,180,26
[INFO] 42,180,0
[INFO] 40,180,21
[INFO] 38,180,20
[INFO] 36,180,22
[INFO] 34,180,32
[INFO] 32,180,27
[INFO] 30,180,39
[INFO] 28,180,46
[INFO] 26,180,41
[INFO] 24,180,46
[INFO] 22,180,45
[INFO] 20,180,25
[INFO] 18,180,27
[INFO] 16,180,41
[INFO] 14,180,40
[INFO] 12,180,26
[INFO] 10,180,37
[INFO] 8,180,24
[INFO] 6,180,0
[INFO] 4,180,27
[INFO] 2,180,21
[INFO] 0,180,15
[INFO] 0,186,0
[INFO] 2,186,0
[INFO] 4,186,0
[INFO] 6,186,0
[INFO] 8,186,32
[INFO] 10,186,31
[INFO] 12,186,31
[INFO] 14,186,26
[INFO] 16,186,0
[INFO] 18,186,25
[INFO] 20,186,24
[INFO] 22,186,41
[INFO] 24,186,34
[INFO] 26,186,0
[INFO] 28,186,0
[INFO] 30,186,0
[INFO] 32,186,0
[INFO] 34,186,42
[INFO] 36,186,39
[INFO] 38,186,39
[INFO] 40,186,27
[INFO] 42,186,39
[INFO] 44,186,26
[INFO] 46,186,17
[INFO] 48,186,19
[INFO] 50,186,0
[INFO] 52,186,26
[INFO] 54,186,20
[INFO] 56,186,14
[INFO] 58,186,15
[INFO] 60,186,0
[DEBUG] SystemTasks::image3dCapturerTask executed in:  42020  ms 
[DEBUG] 3D image captured in  41633305472  ns 
[INFO] 60,120,71
[INFO] 58,120,75
[INFO] 56,120,71
[INFO] 54,120,70
[INFO] 52,120,72
[INFO] 50,120,70
[INFO] 48,120,70
[INFO] 46,120,69
[INFO] 44,120,31
[INFO] 42,120,41
[INFO] 40,120,36
[INFO] 38,120,51
[INFO] 36,120,73
[INFO] 34,120,67
[INFO] 32,120,68
[INFO] 30,120,66
[INFO] 28,120,68
[INFO] 26,120,68
[INFO] 24,120,73
[INFO] 22,120,72
[INFO] 20,120,70
[INFO] 18,120,75
[INFO] 16,120,77
[INFO] 14,120,73
[INFO] 12,120,74
[INFO] 10,120,61
[INFO] 8,120,63
[INFO] 6,120,77
[INFO] 4,120,70
[INFO] 2,120,78
[INFO] 0,120,75
[INFO] 0,126,45
[INFO] 2,126,43
[INFO] 4,126,44
[INFO] 6,126,62
[INFO] 8,126,70
[INFO] 10,126,63
[INFO] 12,126,65
[INFO] 14,126,62
[INFO] 16,126,61
[INFO] 18,126,76
[INFO] 20,126,73
[INFO] 22,126,72
[INFO] 24,126,71
[INFO] 26,126,71
[INFO] 28,126,71
[INFO] 30,126,71
[INFO] 32,126,70
[INFO] 34,126,70
[INFO] 36,126,70
[INFO] 38,126,70
[INFO] 40,126,70
[INFO] 42,126,70
[INFO] 44,126,70
[INFO] 46,126,49
[INFO] 48,126,32
[INFO] 50,126,45
[INFO] 52,126,67
[INFO] 54,126,68
[INFO] 56,126,68
[INFO] 58,126,68
[INFO] 60,126,70
[INFO] 60,132,70
[INFO] 58,132,70
[INFO] 56,132,70
[INFO] 54,132,70
[INFO] 52,132,68
[INFO] 50,132,68
[INFO] 48,132,68
[INFO] 46,132,68
[INFO] 44,132,38
[INFO] 42,132,38
[INFO] 40,132,49
[INFO] 38,132,58
[INFO] 36,132,70
[INFO] 34,132,70
[INFO] 32,132,70
[INFO] 30,132,70
[INFO] 28,132,70
[INFO] 26,132,70
[INFO] 24,132,70
[INFO] 22,132,72
[INFO] 20,132,73
[INFO] 18,132,73
[INFO] 16,132,75
[INFO] 14,132,76
[INFO] 12,132,75
[INFO] 10,132,65
[INFO] 8,132,63
[INFO] 6,132,63
[INFO] 4,132,62
[INFO] 2,132,59
[INFO] 0,132,44
[INFO] 0,138,38
[INFO] 2,138,37
[INFO] 4,138,44
[INFO] 6,138,42
[INFO] 8,138,37
[INFO] 10,138,36
[INFO] 12,138,52
[INFO] 14,138,58
[INFO] 16,138,57
[INFO] 18,138,61
[INFO] 20,138,65
[INFO] 22,138,68
[INFO] 24,138,68
[INFO] 26,138,69
[INFO] 28,138,71
[INFO] 30,138,68
[INFO] 32,138,68
[INFO] 34,138,69
[INFO] 36,138,71
[INFO] 38,138,62
[INFO] 40,138,58
[INFO] 42,138,30
[INFO] 44,138,27
[INFO] 46,138,26
[INFO] 48,138,38
[INFO] 50,138,38
[INFO] 52,138,37
[INFO] 54,138,25
[INFO] 56,138,26
[INFO] 58,138,30
[INFO] 60,138,50
[INFO] 60,144,48
[INFO] 58,144,49
[INFO] 56,144,44
[INFO] 54,144,41
[INFO] 52,144,30
[INFO] 50,144,26
[INFO] 48,144,26
[INFO] 46,144,27
[INFO] 44,144,26
[INFO] 42,144,27
[INFO] 40,144,26
[INFO] 38,144,22
[INFO] 36,144,26
[INFO] 34,144,37
[INFO] 32,144,50
[INFO] 30,144,54
[INFO] 28,144,61
[INFO] 26,144,55
[INFO] 24,144,43
[INFO] 22,144,0
[INFO] 20,144,0
[INFO] 18,144,0
[INFO] 16,144,21
[INFO] 14,144,14
[INFO] 12,144,19
[INFO] 10,144,11
[INFO] 8,144,16
[INFO] 6,144,22
[INFO] 4,144,15
[INFO] 2,144,21
[INFO] 0,144,14
[INFO] 0,150,17
[INFO] 2,150,21
[INFO] 4,150,22
[INFO] 6,150,14
[INFO] 8,150,21
[INFO] 10,150,20
[INFO] 12,150,20
[INFO] 14,150,20
[INFO] 16,150,15
[INFO] 18,150,15
[INFO] 20,150,16
[INFO] 22,150,14
[INFO] 24,150,21
[INFO] 26,150,16
[INFO] 28,150,0
[INFO] 30,150,0
[INFO] 32,150,0
[INFO] 34,150,0
[INFO] 36,150,34
[INFO] 38,150,52
[INFO] 40,150,39
[INFO] 42,150,32
[INFO] 44,150,27
[INFO] 46,150,25
[INFO] 48,150,26
[INFO] 50,150,30
[INFO] 52,150,26
[INFO] 54,150,26
[INFO] 56,150,25
[INFO] 58,150,22
[INFO] 60,150,37
[INFO] 60,156,41
[INFO] 58,156,40
[INFO] 56,156,44
[INFO] 54,156,43
[INFO] 52,156,27
[INFO] 50,156,19
[INFO] 48,156,20
[INFO] 46,156,26
[INFO] 44,156,22
[INFO] 42,156,30
[INFO] 40,156,21
[INFO] 38,156,20
[INFO] 36,156,30
[INFO] 34,156,44
[INFO] 32,156,41
[INFO] 30,156,26
[INFO] 28,156,35
[INFO] 26,156,52
[INFO] 24,156,0
[INFO] 22,156,0
[INFO] 20,156,0
[INFO] 18,156,0
[INFO] 16,156,10
[INFO] 14,156,16
[INFO] 12,156,17
[INFO] 10,156,14
[INFO] 8,156,16
[INFO] 6,156,17
[INFO] 4,156,21
[INFO] 2,156,14
[INFO] 0,156,15
[INFO] 0,162,22
[INFO] 2,162,11
[INFO] 4,162,22
[INFO] 6,162,5
[INFO] 8,162,16
[INFO] 10,162,16
[INFO] 12,162,21
[INFO] 14,162,21
[INFO] 16,162,14
[INFO] 18,162,19
[INFO] 20,162,22
[INFO] 22,162,16
[INFO] 24,162,17
[INFO] 26,162,0
[INFO] 28,162,0
[INFO] 30,162,0
[INFO] 32,162,0
[INFO] 34,162,0
[INFO] 36,162,22
[INFO] 38,162,22
[INFO] 40,162,27
[INFO] 42,162,35
[INFO] 44,162,32
[INFO] 46,162,26
[INFO] 48,162,26
[INFO] 50,162,22
[INFO] 52,162,26
[INFO] 54,162,30
[INFO] 56,162,25
[INFO] 58,162,24
[INFO] 60,162,36
[INFO] 60,168,0
[INFO] 58,168,36
[INFO] 56,168,40
[INFO] 54,168,30
[INFO] 52,168,24
[INFO] 50,168,22
[INFO] 48,168,26
[INFO] 46,168,21
[INFO] 44,168,21
[INFO] 42,168,30
[INFO] 40,168,22
[INFO] 38,168,22
[INFO] 36,168,22
[INFO] 34,168,30
[INFO] 32,168,0
[INFO] 30,168,0
[INFO] 28,168,0
[INFO] 26,168,37
[INFO] 24,168,0
[INFO] 22,168,0
[INFO] 20,168,0
[INFO] 18,168,0
[INFO] 16,168,0
[INFO] 14,168,0
[INFO] 12,168,0
[INFO] 10,168,34
[INFO] 8,168,0
[INFO] 6,168,27
[INFO] 4,168,0
[INFO] 2,168,0
[INFO] 0,168,0
[INFO] 0,174,69
[INFO] 2,174,80
[INFO] 4,174,82
[INFO] 6,174,0
[INFO] 8,174,17
[INFO] 10,174,10
[INFO] 12,174,5
[INFO] 14,174,0
[INFO] 16,174,2
[INFO] 18,174,5
[INFO] 20,174,17
[INFO] 22,174,9
[INFO] 24,174,17
[INFO] 26,174,35
[INFO] 28,174,0
[INFO] 30,174,0
[INFO] 32,174,0
[INFO] 34,174,30
[INFO] 36,174,22
[INFO] 38,174,22
[INFO] 40,174,0
[INFO] 42,174,0
[INFO] 44,174,0
[INFO] 46,174,0
[INFO] 48,174,27
[INFO] 50,174,21
[INFO] 52,174,24
[INFO] 54,174,30
[INFO] 56,174,0
[INFO] 58,174,0
[INFO] 60,174,32
[INFO] 60,180,24
[INFO] 58,180,34
[INFO] 56,180,0
[INFO] 54,180,27
[INFO] 52,180,32
[INFO] 50,180,24
[INFO] 48,180,19
[INFO] 46,180,0
[INFO] 44,180,17
[INFO] 42,180,16
[INFO] 40,180,20
[INFO] 38,180,20
[INFO] 36,180,21
[INFO] 34,180,30
[INFO] 32,180,25
[INFO] 30,180,21
[INFO] 28,180,0
[INFO] 26,180,21
[INFO] 24,180,25
[INFO] 22,180,37
[INFO] 20,180,0
[INFO] 18,180,0
[INFO] 16,180,0
[INFO] 14,180,32
[INFO] 12,180,26
[INFO] 10,180,0
[INFO] 8,180,21
[INFO] 6,180,5
[INFO] 4,180,0
[INFO] 2,180,2
[INFO] 0,180,0
[INFO] 0,186,0
[INFO] 2,186,0
[INFO] 4,186,32
[INFO] 6,186,0
[INFO] 8,186,9
[INFO] 10,186,12
[INFO] 12,186,15
[INFO] 14,186,4
[INFO] 16,186,0
[INFO] 18,186,11
[INFO] 20,186,21
[INFO] 22,186,38
[INFO] 24,186,0
[INFO] 26,186,0
[INFO] 28,186,0
[INFO] 30,186,38
[INFO] 32,186,26
[INFO] 34,186,26
[INFO] 36,186,0
[INFO] 38,186,20
[INFO] 40,186,30
[INFO] 42,186,30
[INFO] 44,186,30
[INFO] 46,186,24
[INFO] 48,186,19
[INFO] 50,186,27
[INFO] 52,186,21
[INFO] 54,186,0
[INFO] 56,186,0
[INFO] 58,186,0
[INFO] 60,186,0
[DEBUG] SystemTasks::image3dCapturerTask executed in:  41780  ms 
[DEBUG] 3D image captured in  41698139136  ns 
[INFO] 60,120,0
[INFO] 58,120,73
[INFO] 56,120,69
[INFO] 54,120,69
[INFO] 52,120,69
[INFO] 50,120,69
[INFO] 48,120,70
[INFO] 46,120,69
[INFO] 44,120,69
[INFO] 42,120,68
[INFO] 40,120,69
[INFO] 38,120,70
[INFO] 36,120,69
[INFO] 34,120,69
[INFO] 32,120,71
[INFO] 30,120,83
[INFO] 28,120,71
[INFO] 26,120,71
[INFO] 24,120,68
[INFO] 22,120,68
[INFO] 20,120,69
[INFO] 18,120,70
[INFO] 16,120,74
[INFO] 14,120,75
[INFO] 12,120,77
[INFO] 10,120,66
[INFO] 8,120,65
[INFO] 6,120,65
[INFO] 4,120,66
[INFO] 2,120,78
[INFO] 0,120,75
[INFO] 0,126,51
[INFO] 2,126,54
[INFO] 4,126,49
[INFO] 6,126,70
[INFO] 8,126,73
[INFO] 10,126,70
[INFO] 12,126,65
[INFO] 14,126,62
[INFO] 16,126,61
[INFO] 18,126,75
[INFO] 20,126,74
[INFO] 22,126,73
[INFO] 24,126,73
[INFO] 26,126,72
[INFO] 28,126,70
[INFO] 30,126,71
[INFO] 32,126,70
[INFO] 34,126,70
[INFO] 36,126,70
[INFO] 38,126,68
[INFO] 40,126,68
[INFO] 42,126,68
[INFO] 44,126,67
[INFO] 46,126,67
[INFO] 48,126,68
[INFO] 50,126,68
[INFO] 52,126,68
[INFO] 54,126,68
[INFO] 56,126,68
[INFO] 58,126,68
[INFO] 60,126,70
[INFO] 60,132,68
[INFO] 58,132,70
[INFO] 56,132,70
[INFO] 54,132,71
[INFO] 52,132,68
[INFO] 50,132,68
[INFO] 48,132,37
[INFO] 46,132,49
[INFO] 44,132,36
[INFO] 42,132,43
[INFO] 40,132,52
[INFO] 38,132,49
[INFO] 36,132,49
[INFO] 34,132,51
[INFO] 32,132,44
[INFO] 30,132,43
[INFO] 28,132,44
[INFO] 26,132,46
[INFO] 24,132,45
[INFO] 22,132,45
[INFO] 20,132,43
[INFO] 18,132,42
[INFO] 16,132,41
[INFO] 14,132,53
[INFO] 12,132,41
[INFO] 10,132,36
[INFO] 8,132,51
[INFO] 6,132,62
[INFO] 4,132,60
[INFO] 2,132,56
[INFO] 0,132,43
[INFO] 0,138,40
[INFO] 2,138,39
[INFO] 4,138,40
[INFO] 6,138,40
[INFO] 8,138,39
[INFO] 10,138,43
[INFO] 12,138,50
[INFO] 14,138,36
[INFO] 16,138,38
[INFO] 18,138,39
[INFO] 20,138,44
[INFO] 22,138,40
[INFO] 24,138,41
[INFO] 26,138,44
[INFO] 28,138,44
[INFO] 30,138,48
[INFO] 32,138,48
[INFO] 34,138,48
[INFO] 36,138,42
[INFO] 38,138,42
[INFO] 40,138,41
[INFO] 42,138,42
[INFO] 44,138,41
[INFO] 46,138,40
[INFO] 48,138,39
[INFO] 50,138,39
[INFO] 52,138,43
[INFO] 54,138,44
[INFO] 56,138,45
[INFO] 58,138,49
[INFO] 60,138,54
[INFO] 60,144,40
[INFO] 58,144,44
[INFO] 56,144,45
[INFO] 54,144,42
[INFO] 52,144,44
[INFO] 50,144,37
[INFO] 48,144,32
[INFO] 46,144,32
[INFO] 44,144,34
[INFO] 42,144,32
[INFO] 40,144,32
[INFO] 38,144,35
[INFO] 36,144,32
[INFO] 34,144,30
[INFO] 32,144,34
[INFO] 30,144,39
[INFO] 28,144,30
[INFO] 26,144,42
[INFO] 24,144,41
[INFO] 22,144,35
[INFO] 20,144,35
[INFO] 18,144,27
[INFO] 16,144,32
[INFO] 14,144,34
[INFO] 12,144,32
[INFO] 10,144,35
[INFO] 8,144,34
[INFO] 6,144,34
[INFO] 4,144,30
[INFO] 2,144,32
[INFO] 0,144,40
[INFO] 0,150,30
[INFO] 2,150,30
[INFO] 4,150,30
[INFO] 6,150,38
[INFO] 8,150,0
[INFO] 10,150,41
[INFO] 12,150,30
[INFO] 14,150,32
[INFO] 16,150,30
[INFO] 18,150,36
[INFO] 20,150,32
[INFO] 22,150,36
[INFO] 24,150,32
[INFO] 26,150,34
[INFO] 28,150,35
[INFO] 30,150,34
[INFO] 32,150,38
[INFO] 34,150,49
[INFO] 36,150,32
[INFO] 38,150,32
[INFO] 40,150,35
[INFO] 42,150,38
[INFO] 44,150,35
[INFO] 46,150,36
[INFO] 48,150,39
[INFO] 50,150,40
[INFO] 52,150,34
[INFO] 54,150,41
[INFO] 56,150,43
[INFO] 58,150,48
[INFO] 60,150,50
[INFO] 60,156,48
[INFO] 58,156,50
[INFO] 56,156,50
[INFO] 54,156,52
[INFO] 52,156,39
[INFO] 50,156,38
[INFO] 48,156,38
[INFO] 46,156,38
[INFO] 44,156,34
[INFO] 42,156,34
[INFO] 40,156,43
[INFO] 38,156,30
[INFO] 36,156,32
[INFO] 34,156,37
[INFO] 32,156,43
[INFO] 30,156,36
[INFO] 28,156,39
[INFO] 26,156,37
[INFO] 24,156,37
[INFO] 22,156,42
[INFO] 20,156,36
[INFO] 18,156,49
[INFO] 16,156,30
[INFO] 14,156,30
[INFO] 12,156,32
[INFO] 10,156,25
[INFO] 8,156,30
[INFO] 6,156,30
[INFO] 4,156,0
[INFO] 2,156,26
[INFO] 0,156,30
[INFO] 0,162,38
[INFO] 2,162,35
[INFO] 4,162,24
[INFO] 6,162,32
[INFO] 8,162,34
[INFO] 10,162,0
[INFO] 12,162,38
[INFO] 14,162,35
[INFO] 16,162,0
[INFO] 18,162,41
[INFO] 20,162,0
[INFO] 22,162,36
[INFO] 24,162,32
[INFO] 26,162,45
[INFO] 28,162,32
[INFO] 30,162,34
[INFO] 32,162,38
[INFO] 34,162,40
[INFO] 36,162,46
[INFO] 38,162,34
[INFO] 40,162,37
[INFO] 42,162,39
[INFO] 44,162,35
[INFO] 46,162,30
[INFO] 48,162,30
[INFO] 50,162,35
[INFO] 52,162,37
[INFO] 54,162,37
[INFO] 56,162,37
[INFO] 58,162,43
[INFO] 60,162,44
[INFO] 60,168,38
[INFO] 58,168,32
[INFO] 56,168,50
[INFO] 54,168,34
[INFO] 52,168,0
[INFO] 50,168,0
[INFO] 48,168,32
[INFO] 46,168,34
[INFO] 44,168,40
[INFO] 42,168,32
[INFO] 40,168,0
[INFO] 38,168,0
[INFO] 36,168,0
[INFO] 34,168,0
[INFO] 32,168,0
[INFO] 30,168,0
[INFO] 28,168,0
[INFO] 26,168,39
[INFO] 24,168,45
[INFO] 22,168,43
[INFO] 20,168,34
[INFO] 18,168,0
[INFO] 16,168,0
[INFO] 14,168,0
[INFO] 12,168,0
[INFO] 10,168,0
[INFO] 8,168,37
[INFO] 6,168,0
[INFO] 4,168,0
[INFO] 2,168,0
[INFO] 0,168,0
[INFO] 0,174,0
[INFO] 2,174,0
[INFO] 4,174,0
[INFO] 6,174,21
[INFO] 8,174,17
[INFO] 10,174,19
[INFO] 12,174,0
[INFO] 14,174,26
[INFO] 16,174,35
[INFO] 18,174,27
[INFO] 20,174,20
[INFO] 22,174,31
[INFO] 24,174,31
[INFO] 26,174,25
[INFO] 28,174,41
[INFO] 30,174,32
[INFO] 32,174,31
[INFO] 34,174,34
[INFO] 36,174,35
[INFO] 38,174,27
[INFO] 40,174,0
[INFO] 42,174,31
[INFO] 44,174,27
[INFO] 46,174,27
[INFO] 48,174,35
[INFO] 50,174,0
[INFO] 52,174,0
[INFO] 54,174,0
[INFO] 56,174,0
[INFO] 58,174,27
[INFO] 60,174,25
[INFO] 60,180,35
[INFO] 58,180,0
[INFO] 56,180,0
[INFO] 54,180,51
[INFO] 52,180,34
[INFO] 50,180,31
[INFO] 48,180,34
[INFO] 46,180,0
[INFO] 44,180,38
[INFO] 42,180,31
[INFO] 40,180,32
[INFO] 38,180,34
[INFO] 36,180,0
[INFO] 34,180,26
[INFO] 32,180,27
[INFO] 30,180,34
[INFO] 28,180,31
[INFO] 26,180,39
[INFO] 24,180,39
[INFO] 22,180,32
[INFO] 20,180,32
[INFO] 18,180,0
[INFO] 16,180,35
[INFO] 14,180,19
[INFO] 12,180,31
[INFO] 10,180,34
[INFO] 8,180,31
[INFO] 6,180,11
[INFO] 4,180,16
[INFO] 2,180,34
[INFO] 0,180,0
[INFO] 0,186,25
[INFO] 2,186,19
[INFO] 4,186,0
[INFO] 6,186,0
[INFO] 8,186,16
[INFO] 10,186,6
[INFO] 12,186,26
[INFO] 14,186,0
[INFO] 16,186,38
[INFO] 18,186,24
[INFO] 20,186,20
[INFO] 22,186,24
[INFO] 24,186,0
[INFO] 26,186,32
[INFO] 28,186,27
[INFO] 30,186,41
[INFO] 32,186,31
[INFO] 34,186,36
[INFO] 36,186,32
[INFO] 38,186,34
[INFO] 40,186,32
[INFO] 42,186,27
[INFO] 44,186,40
[INFO] 46,186,21
[INFO] 48,186,36
[INFO] 50,186,31
[INFO] 52,186,27
[INFO] 54,186,39
[INFO] 56,186,21
[INFO] 58,186,0
[INFO] 60,186,0
[DEBUG] SystemTasks::image3dCapturerTask executed in:  41850  ms 
